Component: ARM Compiler 5.06 update 4 (build 422) Tool: armlink [4d35d2]

==============================================================================

Section Cross References

    main.o(i.main) refers to misc.o(i.NVIC_PriorityGroupConfig) for NVIC_PriorityGroupConfig
    main.o(i.main) refers to delay.o(i.delay_init) for delay_init
    main.o(i.main) refers to usart.o(i.uart_init) for uart_init
    main.o(i.main) refers to mytask.o(i.Create_StratTask) for Create_StratTask
    system_stm32f10x.o(i.SystemCoreClockUpdate) refers to system_stm32f10x.o(.data) for .data
    system_stm32f10x.o(i.SystemInit) refers to system_stm32f10x.o(i.SetSysClockTo72) for SetSysClockTo72
    mytask.o(i.Create_StratTask) refers to tasks.o(i.xTaskCreate) for xTaskCreate
    mytask.o(i.Create_StratTask) refers to tasks.o(i.vTaskStartScheduler) for vTaskStartScheduler
    mytask.o(i.Create_StratTask) refers to mytask.o(.data) for .data
    mytask.o(i.Create_StratTask) refers to mytask.o(i.start_task) for start_task
    mytask.o(i.key_task) refers to tasks.o(i.vTaskDelay) for vTaskDelay
    mytask.o(i.led_task) refers to tasks.o(i.vTaskDelay) for vTaskDelay
    mytask.o(i.start_task) refers to port.o(i.vPortEnterCritical) for vPortEnterCritical
    mytask.o(i.start_task) refers to drv_led.o(i.drv_led_Init) for drv_led_Init
    mytask.o(i.start_task) refers to drv_key.o(i.drv_key_Init) for drv_key_Init
    mytask.o(i.start_task) refers to drv_oled.o(i.drv_OLED_Init) for drv_OLED_Init
    mytask.o(i.start_task) refers to drv_oled.o(i.OLED_Clear) for OLED_Clear
    mytask.o(i.start_task) refers to drv_spi.o(i.drv_spi_init) for drv_spi_init
    mytask.o(i.start_task) refers to drv_rf24l01.o(i.NRF24L01_GPIO_Init) for NRF24L01_GPIO_Init
    mytask.o(i.start_task) refers to drv_rf24l01.o(i.NRF24L01_check) for NRF24L01_check
    mytask.o(i.start_task) refers to drv_rf24l01.o(i.RF24L01_Init) for RF24L01_Init
    mytask.o(i.start_task) refers to tasks.o(i.xTaskCreate) for xTaskCreate
    mytask.o(i.start_task) refers to tasks.o(i.vTaskDelete) for vTaskDelete
    mytask.o(i.start_task) refers to port.o(i.vPortExitCritical) for vPortExitCritical
    mytask.o(i.start_task) refers to mytask.o(.data) for .data
    mytask.o(i.start_task) refers to mytask.o(i.OLED_task) for OLED_task
    mytask.o(i.start_task) refers to mytask.o(i.NRF24L01_task) for NRF24L01_task
    mytask.o(i.start_task) refers to mytask.o(i.led_task) for led_task
    mytask.o(i.start_task) refers to mytask.o(i.key_task) for key_task
    drv_oled.o(i.IIC_Start) refers to stm32f10x_gpio.o(i.GPIO_SetBits) for GPIO_SetBits
    drv_oled.o(i.IIC_Start) refers to stm32f10x_gpio.o(i.GPIO_ResetBits) for GPIO_ResetBits
    drv_oled.o(i.IIC_Stop) refers to stm32f10x_gpio.o(i.GPIO_SetBits) for GPIO_SetBits
    drv_oled.o(i.IIC_Stop) refers to stm32f10x_gpio.o(i.GPIO_ResetBits) for GPIO_ResetBits
    drv_oled.o(i.IIC_Wait_Ack) refers to stm32f10x_gpio.o(i.GPIO_SetBits) for GPIO_SetBits
    drv_oled.o(i.IIC_Wait_Ack) refers to stm32f10x_gpio.o(i.GPIO_ResetBits) for GPIO_ResetBits
    drv_oled.o(i.OLED_Clear) refers to drv_oled.o(i.OLED_WR_Byte) for OLED_WR_Byte
    drv_oled.o(i.OLED_Display_Off) refers to drv_oled.o(i.OLED_WR_Byte) for OLED_WR_Byte
    drv_oled.o(i.OLED_Display_On) refers to drv_oled.o(i.OLED_WR_Byte) for OLED_WR_Byte
    drv_oled.o(i.OLED_DrawBMP) refers to drv_oled.o(i.OLED_Set_Pos) for OLED_Set_Pos
    drv_oled.o(i.OLED_DrawBMP) refers to drv_oled.o(i.OLED_WR_Byte) for OLED_WR_Byte
    drv_oled.o(i.OLED_On) refers to drv_oled.o(i.OLED_WR_Byte) for OLED_WR_Byte
    drv_oled.o(i.OLED_Set_Pos) refers to drv_oled.o(i.OLED_WR_Byte) for OLED_WR_Byte
    drv_oled.o(i.OLED_ShowCHinese) refers to drv_oled.o(i.OLED_Set_Pos) for OLED_Set_Pos
    drv_oled.o(i.OLED_ShowCHinese) refers to drv_oled.o(i.OLED_WR_Byte) for OLED_WR_Byte
    drv_oled.o(i.OLED_ShowCHinese) refers to drv_oled.o(.data) for .data
    drv_oled.o(i.OLED_ShowChar) refers to drv_oled.o(i.OLED_Set_Pos) for OLED_Set_Pos
    drv_oled.o(i.OLED_ShowChar) refers to drv_oled.o(i.OLED_WR_Byte) for OLED_WR_Byte
    drv_oled.o(i.OLED_ShowChar) refers to drv_oled.o(.constdata) for .constdata
    drv_oled.o(i.OLED_ShowNum) refers to drv_oled.o(i.oled_pow) for oled_pow
    drv_oled.o(i.OLED_ShowNum) refers to drv_oled.o(i.OLED_ShowChar) for OLED_ShowChar
    drv_oled.o(i.OLED_ShowString) refers to drv_oled.o(i.OLED_ShowChar) for OLED_ShowChar
    drv_oled.o(i.OLED_WR_Byte) refers to drv_oled.o(i.Write_IIC_Data) for Write_IIC_Data
    drv_oled.o(i.OLED_WR_Byte) refers to drv_oled.o(i.Write_IIC_Command) for Write_IIC_Command
    drv_oled.o(i.Write_IIC_Byte) refers to stm32f10x_gpio.o(i.GPIO_ResetBits) for GPIO_ResetBits
    drv_oled.o(i.Write_IIC_Byte) refers to stm32f10x_gpio.o(i.GPIO_SetBits) for GPIO_SetBits
    drv_oled.o(i.Write_IIC_Command) refers to drv_oled.o(i.IIC_Start) for IIC_Start
    drv_oled.o(i.Write_IIC_Command) refers to drv_oled.o(i.Write_IIC_Byte) for Write_IIC_Byte
[...]
    ..\STM32F10x_FWLib\src\stm32f10x_usart.c 0x00000000   Number         0  stm32f10x_usart.o ABSOLUTE
    ..\SYSTEM\delay\delay.c                  0x00000000   Number         0  delay.o ABSOLUTE
    ..\SYSTEM\sys\sys.c                      0x00000000   Number         0  sys.o ABSOLUTE
    ..\SYSTEM\usart\usart.c                  0x00000000   Number         0  usart.o ABSOLUTE
    ..\\CORE\\core_cm3.c                     0x00000000   Number         0  core_cm3.o ABSOLUTE
    ..\\FreeRTOS\\portable\\RVDS\\ARM_CM3\\port.c 0x00000000   Number         0  port.o ABSOLUTE
    ..\\SYSTEM\\sys\\sys.c                   0x00000000   Number         0  sys.o ABSOLUTE
    Mytask.c                                 0x00000000   Number         0  mytask.o ABSOLUTE
    dc.s                                     0x00000000   Number         0  dc.o ABSOLUTE
    main.c                                   0x00000000   Number         0  main.o ABSOLUTE
    stm32f10x_it.c                           0x00000000   Number         0  stm32f10x_it.o ABSOLUTE
    system_stm32f10x.c                       0x00000000   Number         0  system_stm32f10x.o ABSOLUTE
    RESET                                    0x08000000   Section      304  startup_stm32f10x_hd.o(RESET)
    !!!main                                  0x08000130   Section        8  __main.o(!!!main)
    !!!scatter                               0x08000138   Section       52  __scatter.o(!!!scatter)
    !!handler_copy                           0x0800016c   Section       26  __scatter_copy.o(!!handler_copy)
    !!handler_zi                             0x08000188   Section       28  __scatter_zi.o(!!handler_zi)
    .ARM.Collect$$_printf_percent$$00000000  0x080001a4   Section        0  _printf_percent.o(.ARM.Collect$$_printf_percent$$00000000)
    .ARM.Collect$$_printf_percent$$00000009  0x080001a4   Section        6  _printf_d.o(.ARM.Collect$$_printf_percent$$00000009)
    .ARM.Collect$$_printf_percent$$00000014  0x080001aa   Section        6  _printf_s.o(.ARM.Collect$$_printf_percent$$00000014)
    .ARM.Collect$$_printf_percent$$00000017  0x080001b0   Section        4  _printf_percent_end.o(.ARM.Collect$$_printf_percent$$00000017)
    .ARM.Collect$$libinit$$00000000          0x080001b4   Section        2  libinit.o(.ARM.Collect$$libinit$$00000000)
    .ARM.Collect$$libinit$$00000002          0x080001b6   Section        0  libinit2.o(.ARM.Collect$$libinit$$00000002)
    .ARM.Collect$$libinit$$00000004          0x080001b6   Section        0  libinit2.o(.ARM.Collect$$libinit$$00000004)
    .ARM.Collect$$libinit$$0000000A          0x080001b6   Section        0  libinit2.o(.ARM.Collect$$libinit$$0000000A)
    .ARM.Collect$$libinit$$0000000C          0x080001b6   Section        0  libinit2.o(.ARM.Collect$$libinit$$0000000C)
    .ARM.Collect$$libinit$$0000000E          0x080001b6   Section        0  libinit2.o(.ARM.Collect$$libinit$$0000000E)
    .ARM.Collect$$libinit$$00000011          0x080001b6   Section        0  libinit2.o(.ARM.Collect$$libinit$$00000011)
    .ARM.Collect$$libinit$$00000013          0x080001b6   Section        0  libinit2.o(.ARM.Collect$$libinit$$00000013)
    .ARM.Collect$$libinit$$00000015          0x080001b6   Section        0  libinit2.o(.ARM.Collect$$libinit$$00000015)
    .ARM.Collect$$libinit$$00000017          0x080001b6   Section        0  libinit2.o(.ARM.Collect$$libinit$$00000017)
    .ARM.Collect$$libinit$$00000019          0x080001b6   Section        0  libinit2.o(.ARM.Collect$$libinit$$00000019)
    .ARM.Collect$$libinit$$0000001B          0x080001b6   Section        0  libinit2.o(.ARM.Collect$$libinit$$0000001B)
    .ARM.Collect$$libinit$$0000001D          0x080001b6   Section        0  libinit2.o(.ARM.Collect$$libinit$$0000001D)
    .ARM.Collect$$libinit$$0000001F          0x080001b6   Section        0  libinit2.o(.ARM.Collect$$libinit$$0000001F)
    .ARM.Collect$$libinit$$00000021          0x080001b6   Section        0  libinit2.o(.ARM.Collect$$libinit$$00000021)
    .ARM.Collect$$libinit$$00000023          0x080001b6   Section        0  libinit2.o(.ARM.Collect$$libinit$$00000023)
    .ARM.Collect$$libinit$$00000025          0x080001b6   Section        0  libinit2.o(.ARM.Collect$$libinit$$00000025)
    .ARM.Collect$$libinit$$0000002C          0x080001b6   Section        0  libinit2.o(.ARM.Collect$$libinit$$0000002C)
    .ARM.Collect$$libinit$$0000002E          0x080001b6   Section        0  libinit2.o(.ARM.Collect$$libinit$$0000002E)
    .ARM.Collect$$libinit$$00000030          0x080001b6   Section        0  libinit2.o(.ARM.Collect$$libinit$$00000030)
    .ARM.Collect$$libinit$$00000032          0x080001b6   Section        0  libinit2.o(.ARM.Collect$$libinit$$00000032)
    .ARM.Collect$$libinit$$00000033          0x080001b6   Section        2  libinit2.o(.ARM.Collect$$libinit$$00000033)
    .ARM.Collect$$libshutdown$$00000000      0x080001b8   Section        2  libshutdown.o(.ARM.Collect$$libshutdown$$00000000)
    .ARM.Collect$$libshutdown$$00000002      0x080001ba   Section        0  libshutdown2.o(.ARM.Collect$$libshutdown$$00000002)
    .ARM.Collect$$libshutdown$$00000004      0x080001ba   Section        0  libshutdown2.o(.ARM.Collect$$libshutdown$$00000004)
    .ARM.Collect$$libshutdown$$00000007      0x080001ba   Section        0  libshutdown2.o(.ARM.Collect$$libshutdown$$00000007)
    .ARM.Collect$$libshutdown$$0000000A      0x080001ba   Section        0  libshutdown2.o(.ARM.Collect$$libshutdown$$0000000A)
    .ARM.Collect$$libshutdown$$0000000C      0x080001ba   Section        0  libshutdown2.o(.ARM.Collect$$libshutdown$$0000000C)
    .ARM.Collect$$libshutdown$$0000000F      0x080001ba   Section        0  libshutdown2.o(.ARM.Collect$$libshutdown$$0000000F)
    .ARM.Collect$$libshutdown$$00000010      0x080001ba   Section        2  libshutdown2.o(.ARM.Collect$$libshutdown$$00000010)
    .ARM.Collect$$rtentry$$00000000          0x080001bc   Section        0  __rtentry.o(.ARM.Collect$$rtentry$$00000000)
    .ARM.Collect$$rtentry$$00000002          0x080001bc   Section        0  __rtentry2.o(.ARM.Collect$$rtentry$$00000002)
    .ARM.Collect$$rtentry$$00000004          0x080001bc   Section        6  __rtentry4.o(.ARM.Collect$$rtentry$$00000004)
    .ARM.Collect$$rtentry$$00000009          0x080001c2   Section        0  __rtentry2.o(.ARM.Collect$$rtentry$$00000009)
    .ARM.Collect$$rtentry$$0000000A          0x080001c2   Section        4  __rtentry2.o(.ARM.Collect$$rtentry$$0000000A)
    .ARM.Collect$$rtentry$$0000000C          0x080001c6   Section        0  __rtentry2.o(.ARM.Collect$$rtentry$$0000000C)
    .ARM.Collect$$rtentry$$0000000D          0x080001c6   Section        8  __rtentry2.o(.ARM.Collect$$rtentry$$0000000D)
    .ARM.Collect$$rtexit$$00000000           0x080001ce   Section        2  rtexit.o(.ARM.Collect$$rtexit$$00000000)
    .ARM.Collect$$rtexit$$00000002           0x080001d0   Section        0  rtexit2.o(.ARM.Collect$$rtexit$$00000002)
    .ARM.Collect$$rtexit$$00000003           0x080001d0   Section        4  rtexit2.o(.ARM.Collect$$rtexit$$00000003)
    .ARM.Collect$$rtexit$$00000004           0x080001d4   Section        6  rtexit2.o(.ARM.Collect$$rtexit$$00000004)
    .emb_text                                0x080001dc   Section      150  port.o(.emb_text)
    .text                                    0x08000274   Section       64  startup_stm32f10x_hd.o(.text)
    .text                                    0x080002b4   Section        2  use_no_semi_2.o(.text)
    .text                                    0x080002b8   Section        0  noretval__2printf.o(.text)
    .text                                    0x080002d0   Section        0  __printf.o(.text)
    .text                                    0x08000338   Section        0  _printf_str.o(.text)
    .text                                    0x0800038c   Section        0  _printf_dec.o(.text)
    .text                                    0x08000404   Section      138  rt_memcpy_v6.o(.text)
    .text                                    0x0800048e   Section       16  aeabi_memset.o(.text)
    .text                                    0x0800049e   Section        0  heapauxi.o(.text)
    .text                                    0x080004a4   Section        2  use_no_semi.o(.text)
    .text                                    0x080004a6   Section        0  _printf_intcommon.o(.text)
    .text                                    0x08000558   Section        0  _printf_char_common.o(.text)
    _printf_input_char                       0x08000559   Thumb Code    10  _printf_char_common.o(.text)
    .text                                    0x08000588   Section        0  _printf_char.o(.text)
    .text                                    0x080005b4   Section        0  _printf_char_file.o(.text)
    .text                                    0x080005d8   Section      100  rt_memcpy_w.o(.text)
    .text                                    0x0800063c   Section       68  rt_memclr.o(.text)
    .text                                    0x08000680   Section        0  ferror.o(.text)
    .text                                    0x08000688   Section       78  rt_memclr_w.o(.text)
    .text                                    0x080006d6   Section       74  sys_stackheap_outer.o(.text)
    .text                                    0x08000720   Section        0  exit.o(.text)
    .text                                    0x08000734   Section        8  libspace.o(.text)
    i.BusFault_Handler                       0x0800073c   Section        0  stm32f10x_it.o(i.BusFault_Handler)
    i.Create_StratTask                       0x08000740   Section        0  mytask.o(i.Create_StratTask)
    i.DebugMon_Handler                       0x08000774   Section        0  stm32f10x_it.o(i.DebugMon_Handler)
    i.GPIO_Init                              0x08000776   Section        0  stm32f10x_gpio.o(i.GPIO_Init)
    i.GPIO_ResetBits                         0x08000812   Section        0  stm32f10x_gpio.o(i.GPIO_ResetBits)
    i.GPIO_SetBits                           0x08000816   Section        0  stm32f10x_gpio.o(i.GPIO_SetBits)
    i.HardFault_Handler                      0x0800081a   Section        0  stm32f10x_it.o(i.HardFault_Handler)
    i.IIC_Start                              0x0800081c   Section        0  drv_oled.o(i.IIC_Start)
    i.IIC_Stop                               0x08000848   Section        0  drv_oled.o(i.IIC_Stop)
    i.IIC_Wait_Ack                           0x0800086c   Section        0  drv_oled.o(i.IIC_Wait_Ack)
    i.MemManage_Handler                      0x08000888   Section        0  stm32f10x_it.o(i.MemManage_Handler)
    i.NMI_Handler                            0x0800088a   Section        0  stm32f10x_it.o(i.NMI_Handler)
    i.NRF24L01_Clear_IRQ_Flag                0x0800088c   Section        0  drv_rf24l01.o(i.NRF24L01_Clear_IRQ_Flag)
    i.NRF24L01_GPIO_Init                     0x080008c4   Section        0  drv_rf24l01.o(i.NRF24L01_GPIO_Init)
    i.NRF24L01_Read_Buf                      0x08000928   Section        0  drv_rf24l01.o(i.NRF24L01_Read_Buf)
    i.NRF24L01_Read_Reg                      0x08000964   Section        0  drv_rf24l01.o(i.NRF24L01_Read_Reg)
    i.NRF24L01_Read_Status_Register          0x08000988   Section        0  drv_rf24l01.o(i.NRF24L01_Read_Status_Register)
    i.NRF24L01_Set_RxAddr                    0x080009a8   Section        0  drv_rf24l01.o(i.NRF24L01_Set_RxAddr)
    i.NRF24L01_Set_TxAddr                    0x080009bc   Section        0  drv_rf24l01.o(i.NRF24L01_Set_TxAddr)
    i.NRF24L01_Write_Buf                     0x080009cc   Section        0  drv_rf24l01.o(i.NRF24L01_Write_Buf)
    i.NRF24L01_Write_Reg                     0x08000a08   Section        0  drv_rf24l01.o(i.NRF24L01_Write_Reg)
    i.NRF24L01_check                         0x08000a34   Section        0  drv_rf24l01.o(i.NRF24L01_check)
    i.NRF24L01_task                          0x08000ab0   Section        0  mytask.o(i.NRF24L01_task)
    i.NVIC_Init                              0x08000ab4   Section        0  misc.o(i.NVIC_Init)
    i.NVIC_PriorityGroupConfig               0x08000b18   Section        0  misc.o(i.NVIC_PriorityGroupConfig)
    i.OLED_Clear                             0x08000b2c   Section        0  drv_oled.o(i.OLED_Clear)
    i.OLED_WR_Byte                           0x08000b66   Section        0  drv_oled.o(i.OLED_WR_Byte)
    i.OLED_task                              0x08000b72   Section        0  mytask.o(i.OLED_task)
    i.RCC_APB1PeriphClockCmd                 0x08000b74   Section        0  stm32f10x_rcc.o(i.RCC_APB1PeriphClockCmd)
    i.RCC_APB1PeriphResetCmd                 0x08000b8c   Section        0  stm32f10x_rcc.o(i.RCC_APB1PeriphResetCmd)
    i.RCC_APB2PeriphClockCmd                 0x08000ba4   Section        0  stm32f10x_rcc.o(i.RCC_APB2PeriphClockCmd)
    i.RCC_APB2PeriphResetCmd                 0x08000bbc   Section        0  stm32f10x_rcc.o(i.RCC_APB2PeriphResetCmd)
    i.RCC_GetClocksFreq                      0x08000bd4   Section        0  stm32f10x_rcc.o(i.RCC_GetClocksFreq)
    i.RF24L01_Init                           0x08000c68   Section        0  drv_rf24l01.o(i.RF24L01_Init)
    i.SPI_Cmd                                0x08000cf8   Section        0  stm32f10x_spi.o(i.SPI_Cmd)
    i.SPI_I2S_DeInit                         0x08000d0c   Section        0  stm32f10x_spi.o(i.SPI_I2S_DeInit)
    i.SPI_I2S_GetFlagStatus                  0x08000d60   Section        0  stm32f10x_spi.o(i.SPI_I2S_GetFlagStatus)
    i.SPI_Init                               0x08000d6e   Section        0  stm32f10x_spi.o(i.SPI_Init)
    i.SetSysClockTo72                        0x08000da8   Section        0  system_stm32f10x.o(i.SetSysClockTo72)
    SetSysClockTo72                          0x08000da9   Thumb Code   160  system_stm32f10x.o(i.SetSysClockTo72)
    i.SysTick_CLKSourceConfig                0x08000e50   Section        0  misc.o(i.SysTick_CLKSourceConfig)
    i.SysTick_Handler                        0x08000e68   Section        0  delay.o(i.SysTick_Handler)
    i.SystemInit                             0x08000e7c   Section        0  system_stm32f10x.o(i.SystemInit)
    i.USART1_IRQHandler                      0x08000ecc   Section        0  usart.o(i.USART1_IRQHandler)
    i.USART_Cmd                              0x08000f30   Section        0  stm32f10x_usart.o(i.USART_Cmd)
    i.USART_GetFlagStatus                    0x08000f44   Section        0  stm32f10x_usart.o(i.USART_GetFlagStatus)
    i.USART_GetITStatus                      0x08000f52   Section        0  stm32f10x_usart.o(i.USART_GetITStatus)
    i.USART_ITConfig                         0x08000f90   Section        0  stm32f10x_usart.o(i.USART_ITConfig)
    i.USART_Init                             0x08000fc0   Section        0  stm32f10x_usart.o(i.USART_Init)
    i.USART_ReceiveData                      0x0800106c   Section        0  stm32f10x_usart.o(i.USART_ReceiveData)
    i.UsageFault_Handler                     0x08001074   Section        0  stm32f10x_it.o(i.UsageFault_Handler)
    i.Write_IIC_Byte                         0x08001078   Section        0  drv_oled.o(i.Write_IIC_Byte)
    i.Write_IIC_Command                      0x080010c4   Section        0  drv_oled.o(i.Write_IIC_Command)
    i.Write_IIC_Data                         0x080010f2   Section        0  drv_oled.o(i.Write_IIC_Data)
    i._sys_exit                              0x08001120   Section        0  usart.o(i._sys_exit)
    i.delay_init                             0x08001124   Section        0  delay.o(i.delay_init)
    i.delay_ms                               0x0800116c   Section        0  delay.o(i.delay_ms)
    i.delay_us                               0x080011a4   Section        0  delay.o(i.delay_us)
    i.drv_OLED_Init                          0x080011d8   Section        0  drv_oled.o(i.drv_OLED_Init)
    i.drv_key_Init                           0x08001328   Section        0  drv_key.o(i.drv_key_Init)
    i.drv_led_Init                           0x08001370   Section        0  drv_led.o(i.drv_led_Init)
    i.drv_spi_init                           0x080013c0   Section        0  drv_spi.o(i.drv_spi_init)
    i.drv_spi_read_write_byte                0x08001494   Section        0  drv_spi.o(i.drv_spi_read_write_byte)
    i.drv_uart_tx_bytes                      0x080014e8   Section        0  usart.o(i.drv_uart_tx_bytes)
    i.fputc                                  0x08001518   Section        0  usart.o(i.fputc)
    i.key_task                               0x08001530   Section        0  mytask.o(i.key_task)
    i.led_task                               0x08001538   Section        0  mytask.o(i.led_task)
    i.main                                   0x08001554   Section        0  main.o(i.main)
    i.prvAddCurrentTaskToDelayedList         0x08001574   Section        0  tasks.o(i.prvAddCurrentTaskToDelayedList)
    prvAddCurrentTaskToDelayedList           0x08001575   Thumb Code   102  tasks.o(i.prvAddCurrentTaskToDelayedList)
    i.prvAddNewTaskToReadyList               0x080015e4   Section        0  tasks.o(i.prvAddNewTaskToReadyList)
    prvAddNewTaskToReadyList                 0x080015e5   Thumb Code   192  tasks.o(i.prvAddNewTaskToReadyList)
    i.prvCheckForValidListAndQueue           0x080016b4   Section        0  timers.o(i.prvCheckForValidListAndQueue)
    prvCheckForValidListAndQueue             0x080016b5   Thumb Code    62  timers.o(i.prvCheckForValidListAndQueue)
    i.prvCopyDataFromQueue                   0x08001704   Section        0  queue.o(i.prvCopyDataFromQueue)
    prvCopyDataFromQueue                     0x08001705   Thumb Code    38  queue.o(i.prvCopyDataFromQueue)
    i.prvCopyDataToQueue                     0x0800172a   Section        0  queue.o(i.prvCopyDataToQueue)
    prvCopyDataToQueue                       0x0800172b   Thumb Code   108  queue.o(i.prvCopyDataToQueue)
    i.prvDeleteTCB                           0x08001796   Section        0  tasks.o(i.prvDeleteTCB)
    prvDeleteTCB                             0x08001797   Thumb Code    20  tasks.o(i.prvDeleteTCB)
    i.prvHeapInit                            0x080017ac   Section        0  heap_4.o(i.prvHeapInit)
    prvHeapInit                              0x080017ad   Thumb Code    66  heap_4.o(i.prvHeapInit)
    i.prvIdleTask                            0x080017f8   Section        0  tasks.o(i.prvIdleTask)
    prvIdleTask                              0x080017f9   Thumb Code    80  tasks.o(i.prvIdleTask)
    i.prvInitialiseNewTask                   0x08001854   Section        0  tasks.o(i.prvInitialiseNewTask)
    prvInitialiseNewTask                     0x08001855   Thumb Code   166  tasks.o(i.prvInitialiseNewTask)
    i.prvInsertBlockIntoFreeList             0x08001920   Section        0  heap_4.o(i.prvInsertBlockIntoFreeList)
    prvInsertBlockIntoFreeList               0x08001921   Thumb Code    72  heap_4.o(i.prvInsertBlockIntoFreeList)
    i.prvInsertTimerInActiveList             0x0800196c   Section        0  timers.o(i.prvInsertTimerInActiveList)
    prvInsertTimerInActiveList               0x0800196d   Thumb Code    52  timers.o(i.prvInsertTimerInActiveList)
    i.prvIsQueueEmpty                        0x080019a4   Section        0  queue.o(i.prvIsQueueEmpty)
    prvIsQueueEmpty                          0x080019a5   Thumb Code    26  queue.o(i.prvIsQueueEmpty)
    i.prvNotifyQueueSetContainer             0x080019c0   Section        0  queue.o(i.prvNotifyQueueSetContainer)
    prvNotifyQueueSetContainer               0x080019c1   Thumb Code   108  queue.o(i.prvNotifyQueueSetContainer)
    i.prvProcessExpiredTimer                 0x08001a50   Section        0  timers.o(i.prvProcessExpiredTimer)
    prvProcessExpiredTimer                   0x08001a51   Thumb Code    98  timers.o(i.prvProcessExpiredTimer)
    i.prvProcessReceivedCommands             0x08001abc   Section        0  timers.o(i.prvProcessReceivedCommands)
    prvProcessReceivedCommands               0x08001abd   Thumb Code   252  timers.o(i.prvProcessReceivedCommands)
    i.prvProcessTimerOrBlockTask             0x08001be4   Section        0  timers.o(i.prvProcessTimerOrBlockTask)
    prvProcessTimerOrBlockTask               0x08001be5   Thumb Code    98  timers.o(i.prvProcessTimerOrBlockTask)
    i.prvResetNextTaskUnblockTime            0x08001c50   Section        0  tasks.o(i.prvResetNextTaskUnblockTime)
    prvResetNextTaskUnblockTime              0x08001c51   Thumb Code    26  tasks.o(i.prvResetNextTaskUnblockTime)
    i.prvSampleTimeNow                       0x08001c70   Section        0  timers.o(i.prvSampleTimeNow)
    prvSampleTimeNow                         0x08001c71   Thumb Code    36  timers.o(i.prvSampleTimeNow)
    i.prvSwitchTimerLists                    0x08001c98   Section        0  timers.o(i.prvSwitchTimerLists)
    prvSwitchTimerLists                      0x08001c99   Thumb Code   102  timers.o(i.prvSwitchTimerLists)
    i.prvTaskExitError                       0x08001d08   Section        0  port.o(i.prvTaskExitError)
    prvTaskExitError                         0x08001d09   Thumb Code    34  port.o(i.prvTaskExitError)
    i.prvTimerTask                           0x08001d6c   Section        0  timers.o(i.prvTimerTask)
    prvTimerTask                             0x08001d6d   Thumb Code    34  timers.o(i.prvTimerTask)
    i.prvUnlockQueue                         0x08001d94   Section        0  queue.o(i.prvUnlockQueue)
    prvUnlockQueue                           0x08001d95   Thumb Code   120  queue.o(i.prvUnlockQueue)
    i.pvPortMalloc                           0x08001e0c   Section        0  heap_4.o(i.pvPortMalloc)
    i.pxPortInitialiseStack                  0x08001f20   Section        0  port.o(i.pxPortInitialiseStack)
    i.start_task                             0x08001f44   Section        0  mytask.o(i.start_task)
    i.uart_init                              0x0800201c   Section        0  usart.o(i.uart_init)
    i.uxListRemove                           0x080020c4   Section        0  list.o(i.uxListRemove)
    i.vListInitialise                        0x080020ea   Section        0  list.o(i.vListInitialise)
    i.vListInitialiseItem                    0x08002100   Section        0  list.o(i.vListInitialiseItem)
    i.vListInsert                            0x08002106   Section        0  list.o(i.vListInsert)
    i.vListInsertEnd                         0x08002136   Section        0  list.o(i.vListInsertEnd)
    i.vPortEnterCritical                     0x08002150   Section        0  port.o(i.vPortEnterCritical)
    i.vPortExitCritical                      0x080021c8   Section        0  port.o(i.vPortExitCritical)
    i.vPortFree                              0x0800222c   Section        0  heap_4.o(i.vPortFree)
    i.vPortSetupTimerInterrupt               0x080022c8   Section        0  port.o(i.vPortSetupTimerInterrupt)
    i.vPortValidateInterruptPriority         0x080022ec   Section        0  port.o(i.vPortValidateInterruptPriority)
    i.vQueueAddToRegistry                    0x08002378   Section        0  queue.o(i.vQueueAddToRegistry)
    i.vQueueWaitForMessageRestricted         0x0800239c   Section        0  queue.o(i.vQueueWaitForMessageRestricted)
    i.vTaskDelay                             0x080023e0   Section        0  tasks.o(i.vTaskDelay)
    i.vTaskDelete                            0x0800244c   Section        0  tasks.o(i.vTaskDelete)
    i.vTaskInternalSetTimeOutState           0x08002518   Section        0  tasks.o(i.vTaskInternalSetTimeOutState)
    i.vTaskMissedYield                       0x08002528   Section        0  tasks.o(i.vTaskMissedYield)
    i.vTaskPlaceOnEventList                  0x08002534   Section        0  tasks.o(i.vTaskPlaceOnEventList)
    i.vTaskPlaceOnEventListRestricted        0x08002588   Section        0  tasks.o(i.vTaskPlaceOnEventListRestricted)
    i.vTaskStartScheduler                    0x080025e4   Section        0  tasks.o(i.vTaskStartScheduler)
    i.vTaskSuspendAll                        0x08002678   Section        0  tasks.o(i.vTaskSuspendAll)
    i.vTaskSwitchContext                     0x08002688   Section        0  tasks.o(i.vTaskSwitchContext)
    i.xPortStartScheduler                    0x08002704   Section        0  port.o(i.xPortStartScheduler)
    i.xPortSysTickHandler                    0x080027f8   Section        0  port.o(i.xPortSysTickHandler)
    i.xQueueGenericCreate                    0x08002824   Section        0  queue.o(i.xQueueGenericCreate)
    i.xQueueGenericReset                     0x0800289c   Section        0  queue.o(i.xQueueGenericReset)
    i.xQueueGenericSend                      0x08002944   Section        0  queue.o(i.xQueueGenericSend)
    i.xQueueGenericSendFromISR               0x08002ad0   Section        0  queue.o(i.xQueueGenericSendFromISR)
    i.xQueueReceive                          0x08002bb0   Section        0  queue.o(i.xQueueReceive)
    i.xTaskCheckForTimeOut                   0x08002d00   Section        0  tasks.o(i.xTaskCheckForTimeOut)
    i.xTaskCreate                            0x08002d90   Section        0  tasks.o(i.xTaskCreate)
    i.xTaskGetSchedulerState                 0x08002de8   Section        0  tasks.o(i.xTaskGetSchedulerState)
    i.xTaskGetTickCount                      0x08002e04   Section        0  tasks.o(i.xTaskGetTickCount)
    i.xTaskIncrementTick                     0x08002e10   Section        0  tasks.o(i.xTaskIncrementTick)
    i.xTaskPriorityDisinherit                0x08002ef8   Section        0  tasks.o(i.xTaskPriorityDisinherit)
    i.xTaskRemoveFromEventList               0x08002fac   Section        0  tasks.o(i.xTaskRemoveFromEventList)
    i.xTaskResumeAll                         0x08003044   Section        0  tasks.o(i.xTaskResumeAll)
    i.xTimerCreate                           0x08003128   Section        0  timers.o(i.xTimerCreate)
    i.xTimerCreateTimerTask                  0x080031b0   Section        0  timers.o(i.xTimerCreateTimerTask)
    i.xTimerGenericCommand                   0x08003224   Section        0  timers.o(i.xTimerGenericCommand)
    .conststring                             0x080032b4   Section       57  drv_rf24l01.o(.conststring)
    .data                                    0x20000000   Section       20  system_stm32f10x.o(.data)
    .data                                    0x20000014   Section       20  mytask.o(.data)
    .data                                    0x20000028   Section        8  drv_rf24l01.o(.data)
    .data                                    0x20000030   Section        4  delay.o(.data)
    fac_us                                   0x20000030   Data           1  delay.o(.data)
    fac_ms                                   0x20000032   Data           2  delay.o(.data)
    .data                                    0x20000034   Section        2  usart.o(.data)
    .data                                    0x20000038   Section        4  usart.o(.data)
    .data                                    0x2000003c   Section       20  stm32f10x_rcc.o(.data)
    ADCPrescTable                            0x2000003c   Data           4  stm32f10x_rcc.o(.data)
    APBAHBPrescTable                         0x20000040   Data          16  stm32f10x_rcc.o(.data)
    .data                                    0x20000050   Section       60  tasks.o(.data)
    uxDeletedTasksWaitingCleanUp             0x20000054   Data           4  tasks.o(.data)
    uxCurrentNumberOfTasks                   0x20000058   Data           4  tasks.o(.data)
    xTickCount                               0x2000005c   Data           4  tasks.o(.data)
    uxTopReadyPriority                       0x20000060   Data           4  tasks.o(.data)
    xSchedulerRunning                        0x20000064   Data           4  tasks.o(.data)
    uxPendedTicks                            0x20000068   Data           4  tasks.o(.data)
    xYieldPending                            0x2000006c   Data           4  tasks.o(.data)
    xNumOfOverflows                          0x20000070   Data           4  tasks.o(.data)
    uxTaskNumber                             0x20000074   Data           4  tasks.o(.data)
    xNextTaskUnblockTime                     0x20000078   Data           4  tasks.o(.data)
    xIdleTaskHandle                          0x2000007c   Data           4  tasks.o(.data)
    uxSchedulerSuspended                     0x20000080   Data           4  tasks.o(.data)
    pxDelayedTaskList                        0x20000084   Data           4  tasks.o(.data)
    pxOverflowDelayedTaskList                0x20000088   Data           4  tasks.o(.data)
    .data                                    0x2000008c   Section       20  timers.o(.data)
    xTimerQueue                              0x2000008c   Data           4  timers.o(.data)
    xTimerTaskHandle                         0x20000090   Data           4  timers.o(.data)
    xLastTime                                0x20000094   Data           4  timers.o(.data)
    pxCurrentTimerList                       0x20000098   Data           4  timers.o(.data)
    pxOverflowTimerList                      0x2000009c   Data           4  timers.o(.data)
    .data                                    0x200000a0   Section       24  heap_4.o(.data)
    pxEnd                                    0x200000a0   Data           4  heap_4.o(.data)
    xFreeBytesRemaining                      0x200000a4   Data           4  heap_4.o(.data)
    xMinimumEverFreeBytesRemaining           0x200000a8   Data           4  heap_4.o(.data)
    xBlockAllocatedBit                       0x200000ac   Data           4  heap_4.o(.data)
    xStart                                   0x200000b0   Data           8  heap_4.o(.data)
    .data                                    0x200000b8   Section       12  port.o(.data)
    ucMaxSysCallPriority                     0x200000b8   Data           1  port.o(.data)
    uxCriticalNesting                        0x200000bc   Data           4  port.o(.data)
    ulMaxPRIGROUPValue                       0x200000c0   Data           4  port.o(.data)
    .bss                                     0x200000c4   Section      200  usart.o(.bss)
    .bss                                     0x2000018c   Section       64  queue.o(.bss)
    .bss                                     0x200001cc   Section      740  tasks.o(.bss)
    pxReadyTasksLists                        0x200001cc   Data         640  tasks.o(.bss)
    xDelayedTaskList1                        0x2000044c   Data          20  tasks.o(.bss)
    xDelayedTaskList2                        0x20000460   Data          20  tasks.o(.bss)
    xPendingReadyList                        0x20000474   Data          20  tasks.o(.bss)
    xTasksWaitingTermination                 0x20000488   Data          20  tasks.o(.bss)
    xSuspendedTaskList                       0x2000049c   Data          20  tasks.o(.bss)
    .bss                                     0x200004b0   Section       40  timers.o(.bss)
    xActiveTimerList1                        0x200004b0   Data          20  timers.o(.bss)
    xActiveTimerList2                        0x200004c4   Data          20  timers.o(.bss)
    .bss                                     0x200004d8   Section    20480  heap_4.o(.bss)
    ucHeap                                   0x200004d8   Data       20480  heap_4.o(.bss)
    .bss                                     0x200054d8   Section       96  libspace.o(.bss)
    HEAP                                     0x20005538   Section      512  startup_stm32f10x_hd.o(HEAP)
    Heap_Mem                                 0x20005538   Data         512  startup_stm32f10x_hd.o(HEAP)
    STACK                                    0x20005738   Section     1024  startup_stm32f10x_hd.o(STACK)
    Stack_Mem                                0x20005738   Data        1024  startup_stm32f10x_hd.o(STACK)
    __initial_sp                             0x20005b38   Data           0  startup_stm32f10x_hd.o(STACK)

    Global Symbols

    Symbol Name                              Value     Ov Type        Size  Object(Section)

    BuildAttributes$$THM_ISAv4$P$D$K$B$S$PE$A:L22UL41UL21$X:L11$S22US41US21$IEEE1$IW$USESV6$~STKCKD$USESV7$~SHL$OSPACE$ROPI$EBA8$UX$STANDARDLIB$REQ8$PRES8$EABIv2 0x00000000   Number         0  anon$$obj.o ABSOLUTE
    __ARM_use_no_argv                        0x00000000   Number         0  main.o ABSOLUTE
    __ARM_exceptions_init                     - Undefined Weak Reference
    __alloca_initialize                       - Undefined Weak Reference
    __arm_preinit_                            - Undefined Weak Reference
    __cpp_initialize__aeabi_                  - Undefined Weak Reference
    __cxa_finalize                            - Undefined Weak Reference
    __rt_locale                               - Undefined Weak Reference
    __sigvec_lookup                           - Undefined Weak Reference
    _atexit_init                              - Undefined Weak Reference
    _call_atexit_fns                          - Undefined Weak Reference
    _clock_init                               - Undefined Weak Reference
    _fp_trap_init                             - Undefined Weak Reference
    _fp_trap_shutdown                         - Undefined Weak Reference
    _get_lc_collate                           - Undefined Weak Reference
    _get_lc_ctype                             - Undefined Weak Reference
    _get_lc_monetary                          - Undefined Weak Reference
    _get_lc_numeric                           - Undefined Weak Reference
    _get_lc_time                              - Undefined Weak Reference
    _getenv_init                              - Undefined Weak Reference
    _handle_redirection                       - Undefined Weak Reference
    _init_alloc                               - Undefined Weak Reference
    _init_user_alloc                          - Undefined Weak Reference
    _initio                                   - Undefined Weak Reference
    _mutex_acquire                            - Undefined Weak Reference
    _mutex_release                            - Undefined Weak Reference
    _printf_mbtowc                            - Undefined Weak Reference
    _printf_post_padding                      - Undefined Weak Reference
    _printf_pre_padding                       - Undefined Weak Reference
    _printf_truncate_signed                   - Undefined Weak Reference
    _printf_truncate_unsigned                 - Undefined Weak Reference
    _rand_init                                - Undefined Weak Reference
    _signal_finish                            - Undefined Weak Reference
    _signal_init                              - Undefined Weak Reference
    _terminate_alloc                          - Undefined Weak Reference
    _terminate_user_alloc                     - Undefined Weak Reference
    _terminateio                              - Undefined Weak Reference
    __Vectors_Size                           0x00000130   Number         0  startup_stm32f10x_hd.o ABSOLUTE
    __Vectors                                0x08000000   Data           4  startup_stm32f10x_hd.o(RESET)
    __Vectors_End                            0x08000130   Data           0  startup_stm32f10x_hd.o(RESET)
    __main                                   0x08000131   Thumb Code     8  __main.o(!!!main)
    __scatterload                            0x08000139   Thumb Code     0  __scatter.o(!!!scatter)
    __scatterload_rt2                        0x08000139   Thumb Code    44  __scatter.o(!!!scatter)
    __scatterload_rt2_thumb_only             0x08000139   Thumb Code     0  __scatter.o(!!!scatter)
    __scatterload_null                       0x08000147   Thumb Code     0  __scatter.o(!!!scatter)
    __scatterload_copy                       0x0800016d   Thumb Code    26  __scatter_copy.o(!!handler_copy)
    __scatterload_zeroinit                   0x08000189   Thumb Code    28  __scatter_zi.o(!!handler_zi)
    _printf_d                                0x080001a5   Thumb Code     0  _printf_d.o(.ARM.Collect$$_printf_percent$$00000009)
    _printf_percent                          0x080001a5   Thumb Code     0  _printf_percent.o(.ARM.Collect$$_printf_percent$$00000000)
    _printf_s                                0x080001ab   Thumb Code     0  _printf_s.o(.ARM.Collect$$_printf_percent$$00000014)
    _printf_percent_end                      0x080001b1   Thumb Code     0  _printf_percent_end.o(.ARM.Collect$$_printf_percent$$00000017)
    __rt_lib_init                            0x080001b5   Thumb Code     0  libinit.o(.ARM.Collect$$libinit$$00000000)
    __rt_lib_init_alloca_1                   0x080001b7   Thumb Code     0  libinit2.o(.ARM.Collect$$libinit$$0000002E)
    __rt_lib_init_argv_1                     0x080001b7   Thumb Code     0  libinit2.o(.ARM.Collect$$libinit$$0000002C)
    __rt_lib_init_atexit_1                   0x080001b7   Thumb Code     0  libinit2.o(.ARM.Collect$$libinit$$0000001B)
    __rt_lib_init_clock_1                    0x080001b7   Thumb Code     0  libinit2.o(.ARM.Collect$$libinit$$00000021)
    __rt_lib_init_cpp_1                      0x080001b7   Thumb Code     0  libinit2.o(.ARM.Collect$$libinit$$00000032)
    __rt_lib_init_exceptions_1               0x080001b7   Thumb Code     0  libinit2.o(.ARM.Collect$$libinit$$00000030)
    __rt_lib_init_fp_1                       0x080001b7   Thumb Code     0  libinit2.o(.ARM.Collect$$libinit$$00000002)
    __rt_lib_init_fp_trap_1                  0x080001b7   Thumb Code     0  libinit2.o(.ARM.Collect$$libinit$$0000001F)
    __rt_lib_init_getenv_1                   0x080001b7   Thumb Code     0  libinit2.o(.ARM.Collect$$libinit$$00000023)
    __rt_lib_init_heap_1                     0x080001b7   Thumb Code     0  libinit2.o(.ARM.Collect$$libinit$$0000000A)
    __rt_lib_init_lc_collate_1               0x080001b7   Thumb Code     0  libinit2.o(.ARM.Collect$$libinit$$00000011)
    __rt_lib_init_lc_ctype_1                 0x080001b7   Thumb Code     0  libinit2.o(.ARM.Collect$$libinit$$00000013)
    __rt_lib_init_lc_monetary_1              0x080001b7   Thumb Code     0  libinit2.o(.ARM.Collect$$libinit$$00000015)
    __rt_lib_init_lc_numeric_1               0x080001b7   Thumb Code     0  libinit2.o(.ARM.Collect$$libinit$$00000017)
    __rt_lib_init_lc_time_1                  0x080001b7   Thumb Code     0  libinit2.o(.ARM.Collect$$libinit$$00000019)
    __rt_lib_init_preinit_1                  0x080001b7   Thumb Code     0  libinit2.o(.ARM.Collect$$libinit$$00000004)
    __rt_lib_init_rand_1                     0x080001b7   Thumb Code     0  libinit2.o(.ARM.Collect$$libinit$$0000000E)
    __rt_lib_init_return                     0x080001b7   Thumb Code     0  libinit2.o(.ARM.Collect$$libinit$$00000033)
    __rt_lib_init_signal_1                   0x080001b7   Thumb Code     0  libinit2.o(.ARM.Collect$$libinit$$0000001D)
    __rt_lib_init_stdio_1                    0x080001b7   Thumb Code     0  libinit2.o(.ARM.Collect$$libinit$$00000025)
    __rt_lib_init_user_alloc_1               0x080001b7   Thumb Code     0  libinit2.o(.ARM.Collect$$libinit$$0000000C)
    __rt_lib_shutdown                        0x080001b9   Thumb Code     0  libshutdown.o(.ARM.Collect$$libshutdown$$00000000)
    __rt_lib_shutdown_cpp_1                  0x080001bb   Thumb Code     0  libshutdown2.o(.ARM.Collect$$libshutdown$$00000002)
    __rt_lib_shutdown_fp_trap_1              0x080001bb   Thumb Code     0  libshutdown2.o(.ARM.Collect$$libshutdown$$00000007)
    __rt_lib_shutdown_heap_1                 0x080001bb   Thumb Code     0  libshutdown2.o(.ARM.Collect$$libshutdown$$0000000F)
    __rt_lib_shutdown_return                 0x080001bb   Thumb Code     0  libshutdown2.o(.ARM.Collect$$libshutdown$$00000010)
    __rt_lib_shutdown_signal_1               0x080001bb   Thumb Code     0  libshutdown2.o(.ARM.Collect$$libshutdown$$0000000A)
    __rt_lib_shutdown_stdio_1                0x080001bb   Thumb Code     0  libshutdown2.o(.ARM.Collect$$libshutdown$$00000004)
    __rt_lib_shutdown_user_alloc_1           0x080001bb   Thumb Code     0  libshutdown2.o(.ARM.Collect$$libshutdown$$0000000C)
    __rt_entry                               0x080001bd   Thumb Code     0  __rtentry.o(.ARM.Collect$$rtentry$$00000000)
    __rt_entry_presh_1                       0x080001bd   Thumb Code     0  __rtentry2.o(.ARM.Collect$$rtentry$$00000002)
    __rt_entry_sh                            0x080001bd   Thumb Code     0  __rtentry4.o(.ARM.Collect$$rtentry$$00000004)
    __rt_entry_li                            0x080001c3   Thumb Code     0  __rtentry2.o(.ARM.Collect$$rtentry$$0000000A)
    __rt_entry_postsh_1                      0x080001c3   Thumb Code     0  __rtentry2.o(.ARM.Collect$$rtentry$$00000009)
    __rt_entry_main                          0x080001c7   Thumb Code     0  __rtentry2.o(.ARM.Collect$$rtentry$$0000000D)
    __rt_entry_postli_1                      0x080001c7   Thumb Code     0  __rtentry2.o(.ARM.Collect$$rtentry$$0000000C)
    __rt_exit                                0x080001cf   Thumb Code     0  rtexit.o(.ARM.Collect$$rtexit$$00000000)
    __rt_exit_ls                             0x080001d1   Thumb Code     0  rtexit2.o(.ARM.Collect$$rtexit$$00000003)
    __rt_exit_prels_1                        0x080001d1   Thumb Code     0  rtexit2.o(.ARM.Collect$$rtexit$$00000002)
    __rt_exit_exit                           0x080001d5   Thumb Code     0  rtexit2.o(.ARM.Collect$$rtexit$$00000004)
    SVC_Handler                              0x080001dd   Thumb Code    32  port.o(.emb_text)
    __asm___6_port_c_39a90d8d__prvStartFirstTask 0x08000201   Thumb Code    28  port.o(.emb_text)
    PendSV_Handler                           0x08000221   Thumb Code    72  port.o(.emb_text)
    vPortGetIPSR                             0x0800026d   Thumb Code     6  port.o(.emb_text)
    Reset_Handler                            0x08000275   Thumb Code     8  startup_stm32f10x_hd.o(.text)
    ADC1_2_IRQHandler                        0x0800028f   Thumb Code     0  startup_stm32f10x_hd.o(.text)
    ADC3_IRQHandler                          0x0800028f   Thumb Code     0  startup_stm32f10x_hd.o(.text)
    CAN1_RX1_IRQHandler                      0x0800028f   Thumb Code     0  startup_stm32f10x_hd.o(.text)
    CAN1_SCE_IRQHandler                      0x0800028f   Thumb Code     0  startup_stm32f10x_hd.o(.text)
    DMA1_Channel1_IRQHandler                 0x0800028f   Thumb Code     0  startup_stm32f10x_hd.o(.text)
    DMA1_Channel2_IRQHandler                 0x0800028f   Thumb Code     0  startup_stm32f10x_hd.o(.text)
    DMA1_Channel3_IRQHandler                 0x0800028f   Thumb Code     0  startup_stm32f10x_hd.o(.text)
    DMA1_Channel4_IRQHandler                 0x0800028f   Thumb Code     0  startup_stm32f10x_hd.o(.text)
    DMA1_Channel5_IRQHandler                 0x0800028f   Thumb Code     0  startup_stm32f10x_hd.o(.text)
    DMA1_Channel6_IRQHandler                 0x0800028f   Thumb Code     0  startup_stm32f10x_hd.o(.text)
    DMA1_Channel7_IRQHandler                 0x0800028f   Thumb Code     0  startup_stm32f10x_hd.o(.text)
    DMA2_Channel1_IRQHandler                 0x0800028f   Thumb Code     0  startup_stm32f10x_hd.o(.text)
    DMA2_Channel2_IRQHandler                 0x0800028f   Thumb Code     0  startup_stm32f10x_hd.o(.text)
    DMA2_Channel3_IRQHandler                 0x0800028f   Thumb Code     0  startup_stm32f10x_hd.o(.text)
    DMA2_Channel4_5_IRQHandler               0x0800028f   Thumb Code     0  startup_stm32f10x_hd.o(.text)
    EXTI0_IRQHandler                         0x0800028f   Thumb Code     0  startup_stm32f10x_hd.o(.text)
    EXTI15_10_IRQHandler                     0x0800028f   Thumb Code     0  startup_stm32f10x_hd.o(.text)
    EXTI1_IRQHandler                         0x0800028f   Thumb Code     0  startup_stm32f10x_hd.o(.text)
    EXTI2_IRQHandler                         0x0800028f   Thumb Code     0  startup_stm32f10x_hd.o(.text)
    EXTI3_IRQHandler                         0x0800028f   Thumb Code     0  startup_stm32f10x_hd.o(.text)
    EXTI4_IRQHandler                         0x0800028f   Thumb Code     0  startup_stm32f10x_hd.o(.text)
    EXTI9_5_IRQHandler                       0x0800028f   Thumb Code     0  startup_stm32f10x_hd.o(.text)
    FLASH_IRQHandler                         0x0800028f   Thumb Code     0  startup_stm32f10x_hd.o(.text)
    FSMC_IRQHandler                          0x0800028f   Thumb Code     0  startup_stm32f10x_hd.o(.text)
    I2C1_ER_IRQHandler                       0x0800028f   Thumb Code     0  startup_stm32f10x_hd.o(.text)
    I2C1_EV_IRQHandler                       0x0800028f   Thumb Code     0  startup_stm32f10x_hd.o(.text)
    I2C2_ER_IRQHandler                       0x0800028f   Thumb Code     0  startup_stm32f10x_hd.o(.text)
    I2C2_EV_IRQHandler                       0x0800028f   Thumb Code     0  startup_stm32f10x_hd.o(.text)
    PVD_IRQHandler                           0x0800028f   Thumb Code     0  startup_stm32f10x_hd.o(.text)
    RCC_IRQHandler                           0x0800028f   Thumb Code     0  startup_stm32f10x_hd.o(.text)
    RTCAlarm_IRQHandler                      0x0800028f   Thumb Code     0  startup_stm32f10x_hd.o(.text)
    RTC_IRQHandler                           0x0800028f   Thumb Code     0  startup_stm32f10x_hd.o(.text)
    SDIO_IRQHandler                          0x0800028f   Thumb Code     0  startup_stm32f10x_hd.o(.text)
    SPI1_IRQHandler                          0x0800028f   Thumb Code     0  startup_stm32f10x_hd.o(.text)
    SPI2_IRQHandler                          0x0800028f   Thumb Code     0  startup_stm32f10x_hd.o(.text)
    SPI3_IRQHandler                          0x0800028f   Thumb Code     0  startup_stm32f10x_hd.o(.text)
    TAMPER_IRQHandler                        0x0800028f   Thumb Code     0  startup_stm32f10x_hd.o(.text)
    TIM1_BRK_IRQHandler                      0x0800028f   Thumb Code     0  startup_stm32f10x_hd.o(.text)
    TIM1_CC_IRQHandler                       0x0800028f   Thumb Code     0  startup_stm32f10x_hd.o(.text)
    TIM1_TRG_COM_IRQHandler                  0x0800028f   Thumb Code     0  startup_stm32f10x_hd.o(.text)
    TIM1_UP_IRQHandler                       0x0800028f   Thumb Code     0  startup_stm32f10x_hd.o(.text)
    TIM2_IRQHandler                          0x0800028f   Thumb Code     0  startup_stm32f10x_hd.o(.text)
    TIM3_IRQHandler                          0x0800028f   Thumb Code     0  startup_stm32f10x_hd.o(.text)
    TIM4_IRQHandler                          0x0800028f   Thumb Code     0  startup_stm32f10x_hd.o(.text)
    TIM5_IRQHandler                          0x0800028f   Thumb Code     0  startup_stm32f10x_hd.o(.text)
    TIM6_IRQHandler                          0x0800028f   Thumb Code     0  startup_stm32f10x_hd.o(.text)
    TIM7_IRQHandler                          0x0800028f   Thumb Code     0  startup_stm32f10x_hd.o(.text)
    TIM8_BRK_IRQHandler                      0x0800028f   Thumb Code     0  startup_stm32f10x_hd.o(.text)
    TIM8_CC_IRQHandler                       0x0800028f   Thumb Code     0  startup_stm32f10x_hd.o(.text)
    TIM8_TRG_COM_IRQHandler                  0x0800028f   Thumb Code     0  startup_stm32f10x_hd.o(.text)
    TIM8_UP_IRQHandler                       0x0800028f   Thumb Code     0  startup_stm32f10x_hd.o(.text)
    UART4_IRQHandler                         0x0800028f   Thumb Code     0  startup_stm32f10x_hd.o(.text)
    UART5_IRQHandler                         0x0800028f   Thumb Code     0  startup_stm32f10x_hd.o(.text)
    USART2_IRQHandler                        0x0800028f   Thumb Code     0  startup_stm32f10x_hd.o(.text)
    USART3_IRQHandler                        0x0800028f   Thumb Code     0  startup_stm32f10x_hd.o(.text)
    USBWakeUp_IRQHandler                     0x0800028f   Thumb Code     0  startup_stm32f10x_hd.o(.text)
    USB_HP_CAN1_TX_IRQHandler                0x0800028f   Thumb Code     0  startup_stm32f10x_hd.o(.text)
    USB_LP_CAN1_RX0_IRQHandler               0x0800028f   Thumb Code     0  startup_stm32f10x_hd.o(.text)
    WWDG_IRQHandler                          0x0800028f   Thumb Code     0  startup_stm32f10x_hd.o(.text)
    __user_initial_stackheap                 0x08000291   Thumb Code     0  startup_stm32f10x_hd.o(.text)
    __use_no_semihosting                     0x080002b5   Thumb Code     2  use_no_semi_2.o(.text)
    __2printf                                0x080002b9   Thumb Code    20  noretval__2printf.o(.text)
    __printf                                 0x080002d1   Thumb Code   104  __printf.o(.text)
    _printf_str                              0x08000339   Thumb Code    82  _printf_str.o(.text)
    _printf_int_dec                          0x0800038d   Thumb Code   104  _printf_dec.o(.text)
    __aeabi_memcpy                           0x08000405   Thumb Code     0  rt_memcpy_v6.o(.text)
    __rt_memcpy                              0x08000405   Thumb Code   138  rt_memcpy_v6.o(.text)
    _memcpy_lastbytes                        0x0800046b   Thumb Code     0  rt_memcpy_v6.o(.text)
    __aeabi_memset                           0x0800048f   Thumb Code    16  aeabi_memset.o(.text)
    __use_two_region_memory                  0x0800049f   Thumb Code     2  heapauxi.o(.text)
    __rt_heap_escrow$2region                 0x080004a1   Thumb Code     2  heapauxi.o(.text)
    __rt_heap_expand$2region                 0x080004a3   Thumb Code     2  heapauxi.o(.text)
    __I$use$semihosting                      0x080004a5   Thumb Code     0  use_no_semi.o(.text)
    __use_no_semihosting_swi                 0x080004a5   Thumb Code     2  use_no_semi.o(.text)
    _printf_int_common                       0x080004a7   Thumb Code   178  _printf_intcommon.o(.text)
    _printf_char_common                      0x08000563   Thumb Code    32  _printf_char_common.o(.text)
    _printf_cs_common                        0x08000589   Thumb Code    20  _printf_char.o(.text)
    _printf_char                             0x0800059d   Thumb Code    16  _printf_char.o(.text)
    _printf_string                           0x080005ad   Thumb Code     8  _printf_char.o(.text)
    _printf_char_file                        0x080005b5   Thumb Code    32  _printf_char_file.o(.text)
    __aeabi_memcpy4                          0x080005d9   Thumb Code     0  rt_memcpy_w.o(.text)
    __aeabi_memcpy8                          0x080005d9   Thumb Code     0  rt_memcpy_w.o(.text)
    __rt_memcpy_w                            0x080005d9   Thumb Code   100  rt_memcpy_w.o(.text)
    _memcpy_lastbytes_aligned                0x08000621   Thumb Code     0  rt_memcpy_w.o(.text)
    __aeabi_memclr                           0x0800063d   Thumb Code     0  rt_memclr.o(.text)
    __rt_memclr                              0x0800063d   Thumb Code    68  rt_memclr.o(.text)
    _memset                                  0x08000641   Thumb Code     0  rt_memclr.o(.text)
    ferror                                   0x08000681   Thumb Code     8  ferror.o(.text)
    __aeabi_memclr4                          0x08000689   Thumb Code     0  rt_memclr_w.o(.text)
    __aeabi_memclr8                          0x08000689   Thumb Code     0  rt_memclr_w.o(.text)
    __rt_memclr_w                            0x08000689   Thumb Code    78  rt_memclr_w.o(.text)
    _memset_w                                0x0800068d   Thumb Code     0  rt_memclr_w.o(.text)
    __user_setup_stackheap                   0x080006d7   Thumb Code    74  sys_stackheap_outer.o(.text)
    exit                                     0x08000721   Thumb Code    18  exit.o(.text)
    __user_libspace                          0x08000735   Thumb Code     8  libspace.o(.text)
    __user_perproc_libspace                  0x08000735   Thumb Code     0  libspace.o(.text)
    __user_perthread_libspace                0x08000735   Thumb Code     0  libspace.o(.text)
    BusFault_Handler                         0x0800073d   Thumb Code     2  stm32f10x_it.o(i.BusFault_Handler)
    Create_StratTask                         0x08000741   Thumb Code    30  mytask.o(i.Create_StratTask)
    DebugMon_Handler                         0x08000775   Thumb Code     2  stm32f10x_it.o(i.DebugMon_Handler)
    GPIO_Init                                0x08000777   Thumb Code   156  stm32f10x_gpio.o(i.GPIO_Init)
    GPIO_ResetBits                           0x08000813   Thumb Code     4  stm32f10x_gpio.o(i.GPIO_ResetBits)
    GPIO_SetBits                             0x08000817   Thumb Code     4  stm32f10x_gpio.o(i.GPIO_SetBits)
    HardFault_Handler                        0x0800081b   Thumb Code     2  stm32f10x_it.o(i.HardFault_Handler)
    IIC_Start                                0x0800081d   Thumb Code    40  drv_oled.o(i.IIC_Start)
    IIC_Stop                                 0x08000849   Thumb Code    32  drv_oled.o(i.IIC_Stop)
    IIC_Wait_Ack                             0x0800086d   Thumb Code    24  drv_oled.o(i.IIC_Wait_Ack)
    MemManage_Handler                        0x08000889   Thumb Code     2  stm32f10x_it.o(i.MemManage_Handler)
    NMI_Handler                              0x0800088b   Thumb Code     2  stm32f10x_it.o(i.NMI_Handler)
    NRF24L01_Clear_IRQ_Flag                  0x0800088d   Thumb Code    52  drv_rf24l01.o(i.NRF24L01_Clear_IRQ_Flag)
    NRF24L01_GPIO_Init                       0x080008c5   Thumb Code    96  drv_rf24l01.o(i.NRF24L01_GPIO_Init)
    NRF24L01_Read_Buf                        0x08000929   Thumb Code    54  drv_rf24l01.o(i.NRF24L01_Read_Buf)
    NRF24L01_Read_Reg                        0x08000965   Thumb Code    32  drv_rf24l01.o(i.NRF24L01_Read_Reg)
    NRF24L01_Read_Status_Register            0x08000989   Thumb Code    28  drv_rf24l01.o(i.NRF24L01_Read_Status_Register)
    NRF24L01_Set_RxAddr                      0x080009a9   Thumb Code    20  drv_rf24l01.o(i.NRF24L01_Set_RxAddr)
    NRF24L01_Set_TxAddr                      0x080009bd   Thumb Code    16  drv_rf24l01.o(i.NRF24L01_Set_TxAddr)
    NRF24L01_Write_Buf                       0x080009cd   Thumb Code    56  drv_rf24l01.o(i.NRF24L01_Write_Buf)
    NRF24L01_Write_Reg                       0x08000a09   Thumb Code    38  drv_rf24l01.o(i.NRF24L01_Write_Reg)
    NRF24L01_check                           0x08000a35   Thumb Code   110  drv_rf24l01.o(i.NRF24L01_check)
    NRF24L01_task                            0x08000ab1   Thumb Code     2  mytask.o(i.NRF24L01_task)
    NVIC_Init                                0x08000ab5   Thumb Code    94  misc.o(i.NVIC_Init)
    NVIC_PriorityGroupConfig                 0x08000b19   Thumb Code    10  misc.o(i.NVIC_PriorityGroupConfig)
    OLED_Clear                               0x08000b2d   Thumb Code    58  drv_oled.o(i.OLED_Clear)
    OLED_WR_Byte                             0x08000b67   Thumb Code    12  drv_oled.o(i.OLED_WR_Byte)
    OLED_task                                0x08000b73   Thumb Code     2  mytask.o(i.OLED_task)
    RCC_APB1PeriphClockCmd                   0x08000b75   Thumb Code    18  stm32f10x_rcc.o(i.RCC_APB1PeriphClockCmd)
    RCC_APB1PeriphResetCmd                   0x08000b8d   Thumb Code    18  stm32f10x_rcc.o(i.RCC_APB1PeriphResetCmd)
    RCC_APB2PeriphClockCmd                   0x08000ba5   Thumb Code    18  stm32f10x_rcc.o(i.RCC_APB2PeriphClockCmd)
    RCC_APB2PeriphResetCmd                   0x08000bbd   Thumb Code    18  stm32f10x_rcc.o(i.RCC_APB2PeriphResetCmd)
    RCC_GetClocksFreq                        0x08000bd5   Thumb Code   132  stm32f10x_rcc.o(i.RCC_GetClocksFreq)
    RF24L01_Init                             0x08000c69   Thumb Code   132  drv_rf24l01.o(i.RF24L01_Init)
    SPI_Cmd                                  0x08000cf9   Thumb Code    20  stm32f10x_spi.o(i.SPI_Cmd)
    SPI_I2S_DeInit                           0x08000d0d   Thumb Code    72  stm32f10x_spi.o(i.SPI_I2S_DeInit)
    SPI_I2S_GetFlagStatus                    0x08000d61   Thumb Code    14  stm32f10x_spi.o(i.SPI_I2S_GetFlagStatus)
    SPI_Init                                 0x08000d6f   Thumb Code    56  stm32f10x_spi.o(i.SPI_Init)
    SysTick_CLKSourceConfig                  0x08000e51   Thumb Code    24  misc.o(i.SysTick_CLKSourceConfig)
    SysTick_Handler                          0x08000e69   Thumb Code    20  delay.o(i.SysTick_Handler)
    SystemInit                               0x08000e7d   Thumb Code    64  system_stm32f10x.o(i.SystemInit)
    USART1_IRQHandler                        0x08000ecd   Thumb Code    88  usart.o(i.USART1_IRQHandler)
    USART_Cmd                                0x08000f31   Thumb Code    20  stm32f10x_usart.o(i.USART_Cmd)
    USART_GetFlagStatus                      0x08000f45   Thumb Code    14  stm32f10x_usart.o(i.USART_GetFlagStatus)
    USART_GetITStatus                        0x08000f53   Thumb Code    62  stm32f10x_usart.o(i.USART_GetITStatus)
    USART_ITConfig                           0x08000f91   Thumb Code    48  stm32f10x_usart.o(i.USART_ITConfig)
    USART_Init                               0x08000fc1   Thumb Code   166  stm32f10x_usart.o(i.USART_Init)
    USART_ReceiveData                        0x0800106d   Thumb Code     8  stm32f10x_usart.o(i.USART_ReceiveData)
    UsageFault_Handler                       0x08001075   Thumb Code     2  stm32f10x_it.o(i.UsageFault_Handler)
    Write_IIC_Byte                           0x08001079   Thumb Code    70  drv_oled.o(i.Write_IIC_Byte)
    Write_IIC_Command                        0x080010c5   Thumb Code    46  drv_oled.o(i.Write_IIC_Command)
    Write_IIC_Data                           0x080010f3   Thumb Code    46  drv_oled.o(i.Write_IIC_Data)
    _sys_exit                                0x08001121   Thumb Code     2  usart.o(i._sys_exit)
    delay_init                               0x08001125   Thumb Code    60  delay.o(i.delay_init)
    delay_ms                                 0x0800116d   Thumb Code    52  delay.o(i.delay_ms)
    delay_us                                 0x080011a5   Thumb Code    48  delay.o(i.delay_us)
    drv_OLED_Init                            0x080011d9   Thumb Code   322  drv_oled.o(i.drv_OLED_Init)
    drv_key_Init                             0x08001329   Thumb Code    62  drv_key.o(i.drv_key_Init)
    drv_led_Init                             0x08001371   Thumb Code    70  drv_led.o(i.drv_led_Init)
    drv_spi_init                             0x080013c1   Thumb Code   198  drv_spi.o(i.drv_spi_init)
    drv_spi_read_write_byte                  0x08001495   Thumb Code    78  drv_spi.o(i.drv_spi_read_write_byte)
    drv_uart_tx_bytes                        0x080014e9   Thumb Code    42  usart.o(i.drv_uart_tx_bytes)
    fputc                                    0x08001519   Thumb Code    18  usart.o(i.fputc)
    key_task                                 0x08001531   Thumb Code     8  mytask.o(i.key_task)
    led_task                                 0x08001539   Thumb Code    24  mytask.o(i.led_task)
    main                                     0x08001555   Thumb Code    30  main.o(i.main)
    pvPortMalloc                             0x08001e0d   Thumb Code   214  heap_4.o(i.pvPortMalloc)
    pxPortInitialiseStack                    0x08001f21   Thumb Code    32  port.o(i.pxPortInitialiseStack)
    start_task                               0x08001f45   Thumb Code   142  mytask.o(i.start_task)
    uart_init                                0x0800201d   Thumb Code   158  usart.o(i.uart_init)
    uxListRemove                             0x080020c5   Thumb Code    38  list.o(i.uxListRemove)
    vListInitialise                          0x080020eb   Thumb Code    22  list.o(i.vListInitialise)
    vListInitialiseItem                      0x08002101   Thumb Code     6  list.o(i.vListInitialiseItem)
    vListInsert                              0x08002107   Thumb Code    48  list.o(i.vListInsert)
    vListInsertEnd                           0x08002137   Thumb Code    24  list.o(i.vListInsertEnd)
    vPortEnterCritical                       0x08002151   Thumb Code    50  port.o(i.vPortEnterCritical)
    vPortExitCritical                        0x080021c9   Thumb Code    34  port.o(i.vPortExitCritical)
    vPortFree                                0x0800222d   Thumb Code    94  heap_4.o(i.vPortFree)
    vPortSetupTimerInterrupt                 0x080022c9   Thumb Code    32  port.o(i.vPortSetupTimerInterrupt)
    vPortValidateInterruptPriority           0x080022ed   Thumb Code    70  port.o(i.vPortValidateInterruptPriority)
    vQueueAddToRegistry                      0x08002379   Thumb Code    32  queue.o(i.vQueueAddToRegistry)
    vQueueWaitForMessageRestricted           0x0800239d   Thumb Code    68  queue.o(i.vQueueWaitForMessageRestricted)
    vTaskDelay                               0x080023e1   Thumb Code    62  tasks.o(i.vTaskDelay)
    vTaskDelete                              0x0800244d   Thumb Code   152  tasks.o(i.vTaskDelete)
    vTaskInternalSetTimeOutState             0x08002519   Thumb Code    12  tasks.o(i.vTaskInternalSetTimeOutState)
    vTaskMissedYield                         0x08002529   Thumb Code     8  tasks.o(i.vTaskMissedYield)
    vTaskPlaceOnEventList                    0x08002535   Thumb Code    44  tasks.o(i.vTaskPlaceOnEventList)
    vTaskPlaceOnEventListRestricted          0x08002589   Thumb Code    52  tasks.o(i.vTaskPlaceOnEventListRestricted)
    vTaskStartScheduler                      0x080025e5   Thumb Code    96  tasks.o(i.vTaskStartScheduler)
    vTaskSuspendAll                          0x08002679   Thumb Code    10  tasks.o(i.vTaskSuspendAll)
    vTaskSwitchContext                       0x08002689   Thumb Code    80  tasks.o(i.vTaskSwitchContext)
    xPortStartScheduler                      0x08002705   Thumb Code   170  port.o(i.xPortStartScheduler)
    xPortSysTickHandler                      0x080027f9   Thumb Code    38  port.o(i.xPortSysTickHandler)
    xQueueGenericCreate                      0x08002825   Thumb Code    82  queue.o(i.xQueueGenericCreate)
    xQueueGenericReset                       0x0800289d   Thumb Code   128  queue.o(i.xQueueGenericReset)
    xQueueGenericSend                        0x08002945   Thumb Code   354  queue.o(i.xQueueGenericSend)
    xQueueGenericSendFromISR                 0x08002ad1   Thumb Code   188  queue.o(i.xQueueGenericSendFromISR)
    xQueueReceive                            0x08002bb1   Thumb Code   294  queue.o(i.xQueueReceive)
    xTaskCheckForTimeOut                     0x08002d01   Thumb Code   104  tasks.o(i.xTaskCheckForTimeOut)
    xTaskCreate                              0x08002d91   Thumb Code    86  tasks.o(i.xTaskCreate)
    xTaskGetSchedulerState                   0x08002de9   Thumb Code    22  tasks.o(i.xTaskGetSchedulerState)
    xTaskGetTickCount                        0x08002e05   Thumb Code     6  tasks.o(i.xTaskGetTickCount)
    xTaskIncrementTick                       0x08002e11   Thumb Code   188  tasks.o(i.xTaskIncrementTick)
    xTaskPriorityDisinherit                  0x08002ef9   Thumb Code   136  tasks.o(i.xTaskPriorityDisinherit)
    xTaskRemoveFromEventList                 0x08002fad   Thumb Code   102  tasks.o(i.xTaskRemoveFromEventList)
    xTaskResumeAll                           0x08003045   Thumb Code   180  tasks.o(i.xTaskResumeAll)
    xTimerCreate                             0x08003129   Thumb Code    94  timers.o(i.xTimerCreate)
    xTimerCreateTimerTask                    0x080031b1   Thumb Code    58  timers.o(i.xTimerCreateTimerTask)
    xTimerGenericCommand                     0x08003225   Thumb Code    98  timers.o(i.xTimerGenericCommand)
    Region$$Table$$Base                      0x080032f0   Number         0  anon$$obj.o(Region$$Table)
    Region$$Table$$Limit                     0x08003310   Number         0  anon$$obj.o(Region$$Table)
    SystemCoreClock                          0x20000000   Data           4  system_stm32f10x.o(.data)
    AHBPrescTable                            0x20000004   Data          16  system_stm32f10x.o(.data)
    StartTask_Handler                        0x20000014   Data           4  mytask.o(.data)
    OLEDTask_Handler                         0x20000018   Data           4  mytask.o(.data)
    NRF24L01Task_Handler                     0x2000001c   Data           4  mytask.o(.data)
    LEDTask_Handler                          0x20000020   Data           4  mytask.o(.data)
    KEYTask_Handler                          0x20000024   Data           4  mytask.o(.data)
    g_ErrorString                            0x20000028   Data           4  drv_rf24l01.o(.data)
    g_ConnectedString                        0x2000002c   Data           4  drv_rf24l01.o(.data)
    USART_RX_STA                             0x20000034   Data           2  usart.o(.data)
    __stdout                                 0x20000038   Data           4  usart.o(.data)
    pxCurrentTCB                             0x20000050   Data           4  tasks.o(.data)
    USART_RX_BUF                             0x200000c4   Data         200  usart.o(.bss)
    xQueueRegistry                           0x2000018c   Data          64  queue.o(.bss)
    __libspace_start                         0x200054d8   Data          96  libspace.o(.bss)
    __temporary_stack_top$libspace           0x20005538   Data           0  libspace.o(.bss)



==============================================================================

Memory Map of the image

  Image Entry point : 0x08000275

  Load Region LR_1 (Base: 0x08000000, Size: 0x000033d4, Max: 0xffffffff, ABSOLUTE)

    Execution Region ER_RO (Base: 0x08000000, Size: 0x00003310, Max: 0xffffffff, ABSOLUTE)

    Base Addr    Size         Type   Attr      Idx    E Section Name        Object

    0x08000000   0x00000130   Data   RO          837    RESET               startup_stm32f10x_hd.o
    0x08000130   0x00000008   Code   RO         2613  * !!!main             c_w.l(__main.o)
    0x08000138   0x00000034   Code   RO         2791    !!!scatter          c_w.l(__scatter.o)
    0x0800016c   0x0000001a   Code   RO         2793    !!handler_copy      c_w.l(__scatter_copy.o)
    0x08000186   0x00000002   PAD
    0x08000188   0x0000001c   Code   RO         2795    !!handler_zi        c_w.l(__scatter_zi.o)
    0x080001a4   0x00000000   Code   RO         2602    .ARM.Collect$$_printf_percent$$00000000  c_w.l(_printf_percent.o)
    0x080001a4   0x00000006   Code   RO         2600    .ARM.Collect$$_printf_percent$$00000009  c_w.l(_printf_d.o)
    0x080001aa   0x00000006   Code   RO         2599    .ARM.Collect$$_printf_percent$$00000014  c_w.l(_printf_s.o)
    0x080001b0   0x00000004   Code   RO         2628    .ARM.Collect$$_printf_percent$$00000017  c_w.l(_printf_percent_end.o)
    0x080001b4   0x00000002   Code   RO         2665    .ARM.Collect$$libinit$$00000000  c_w.l(libinit.o)
    0x080001b6   0x00000000   Code   RO         2672    .ARM.Collect$$libinit$$00000002  c_w.l(libinit2.o)
    0x080001b6   0x00000000   Code   RO         2674    .ARM.Collect$$libinit$$00000004  c_w.l(libinit2.o)
    0x080001b6   0x00000000   Code   RO         2677    .ARM.Collect$$libinit$$0000000A  c_w.l(libinit2.o)
    0x080001b6   0x00000000   Code   RO         2679    .ARM.Collect$$libinit$$0000000C  c_w.l(libinit2.o)
    0x080001b6   0x00000000   Code   RO         2681    .ARM.Collect$$libinit$$0000000E  c_w.l(libinit2.o)
    0x080001b6   0x00000000   Code   RO         2684    .ARM.Collect$$libinit$$00000011  c_w.l(libinit2.o)
    0x080001b6   0x00000000   Code   RO         2686    .ARM.Collect$$libinit$$00000013  c_w.l(libinit2.o)
    0x080001b6   0x00000000   Code   RO         2688    .ARM.Collect$$libinit$$00000015  c_w.l(libinit2.o)
    0x080001b6   0x00000000   Code   RO         2690    .ARM.Collect$$libinit$$00000017  c_w.l(libinit2.o)
    0x080001b6   0x00000000   Code   RO         2692    .ARM.Collect$$libinit$$00000019  c_w.l(libinit2.o)
    0x080001b6   0x00000000   Code   RO         2694    .ARM.Collect$$libinit$$0000001B  c_w.l(libinit2.o)
    0x080001b6   0x00000000   Code   RO         2696    .ARM.Collect$$libinit$$0000001D  c_w.l(libinit2.o)
    0x080001b6   0x00000000   Code   RO         2698    .ARM.Collect$$libinit$$0000001F  c_w.l(libinit2.o)
    0x080001b6   0x00000000   Code   RO         2700    .ARM.Collect$$libinit$$00000021  c_w.l(libinit2.o)
    0x080001b6   0x00000000   Code   RO         2702    .ARM.Collect$$libinit$$00000023  c_w.l(libinit2.o)
    0x080001b6   0x00000000   Code   RO         2704    .ARM.Collect$$libinit$$00000025  c_w.l(libinit2.o)
    0x080001b6   0x00000000   Code   RO         2708    .ARM.Collect$$libinit$$0000002C  c_w.l(libinit2.o)
    0x080001b6   0x00000000   Code   RO         2710    .ARM.Collect$$libinit$$0000002E  c_w.l(libinit2.o)
    0x080001b6   0x00000000   Code   RO         2712    .ARM.Collect$$libinit$$00000030  c_w.l(libinit2.o)
    0x080001b6   0x00000000   Code   RO         2714    .ARM.Collect$$libinit$$00000032  c_w.l(libinit2.o)
    0x080001b6   0x00000002   Code   RO         2715    .ARM.Collect$$libinit$$00000033  c_w.l(libinit2.o)
    0x080001b8   0x00000002   Code   RO         2733    .ARM.Collect$$libshutdown$$00000000  c_w.l(libshutdown.o)
    0x080001ba   0x00000000   Code   RO         2743    .ARM.Collect$$libshutdown$$00000002  c_w.l(libshutdown2.o)
    0x080001ba   0x00000000   Code   RO         2745    .ARM.Collect$$libshutdown$$00000004  c_w.l(libshutdown2.o)
    0x080001ba   0x00000000   Code   RO         2748    .ARM.Collect$$libshutdown$$00000007  c_w.l(libshutdown2.o)
    0x080001ba   0x00000000   Code   RO         2751    .ARM.Collect$$libshutdown$$0000000A  c_w.l(libshutdown2.o)
    0x080001ba   0x00000000   Code   RO         2753    .ARM.Collect$$libshutdown$$0000000C  c_w.l(libshutdown2.o)
    0x080001ba   0x00000000   Code   RO         2756    .ARM.Collect$$libshutdown$$0000000F  c_w.l(libshutdown2.o)
    0x080001ba   0x00000002   Code   RO         2757    .ARM.Collect$$libshutdown$$00000010  c_w.l(libshutdown2.o)
    0x080001bc   0x00000000   Code   RO         2617    .ARM.Collect$$rtentry$$00000000  c_w.l(__rtentry.o)
    0x080001bc   0x00000000   Code   RO         2634    .ARM.Collect$$rtentry$$00000002  c_w.l(__rtentry2.o)
    0x080001bc   0x00000006   Code   RO         2646    .ARM.Collect$$rtentry$$00000004  c_w.l(__rtentry4.o)
    0x080001c2   0x00000000   Code   RO         2636    .ARM.Collect$$rtentry$$00000009  c_w.l(__rtentry2.o)
    0x080001c2   0x00000004   Code   RO         2637    .ARM.Collect$$rtentry$$0000000A  c_w.l(__rtentry2.o)
    0x080001c6   0x00000000   Code   RO         2639    .ARM.Collect$$rtentry$$0000000C  c_w.l(__rtentry2.o)
    0x080001c6   0x00000008   Code   RO         2640    .ARM.Collect$$rtentry$$0000000D  c_w.l(__rtentry2.o)
    0x080001ce   0x00000002   Code   RO         2669    .ARM.Collect$$rtexit$$00000000  c_w.l(rtexit.o)
    0x080001d0   0x00000000   Code   RO         2717    .ARM.Collect$$rtexit$$00000002  c_w.l(rtexit2.o)
    0x080001d0   0x00000004   Code   RO         2718    .ARM.Collect$$rtexit$$00000003  c_w.l(rtexit2.o)
    0x080001d4   0x00000006   Code   RO         2719    .ARM.Collect$$rtexit$$00000004  c_w.l(rtexit2.o)
    0x080001da   0x00000002   PAD
    0x080001dc   0x00000096   Code   RO         2483    .emb_text           port.o
    0x08000272   0x00000002   PAD
    0x08000274   0x00000040   Code   RO          838  * .text               startup_stm32f10x_hd.o
    0x080002b4   0x00000002   Code   RO         2562    .text               c_w.l(use_no_semi_2.o)
    0x080002b6   0x00000002   PAD
    0x080002b8   0x00000018   Code   RO         2568    .text               c_w.l(noretval__2printf.o)
    0x080002d0   0x00000068   Code   RO         2572    .text               c_w.l(__printf.o)
    0x08000338   0x00000052   Code   RO         2574    .text               c_w.l(_printf_str.o)
    0x0800038a   0x00000002   PAD
    0x0800038c   0x00000078   Code   RO         2576    .text               c_w.l(_printf_dec.o)
    0x08000404   0x0000008a   Code   RO         2607    .text               c_w.l(rt_memcpy_v6.o)
    0x0800048e   0x00000010   Code   RO         2609    .text               c_w.l(aeabi_memset.o)
    0x0800049e   0x00000006   Code   RO         2611    .text               c_w.l(heapauxi.o)
    0x080004a4   0x00000002   Code   RO         2615    .text               c_w.l(use_no_semi.o)
    0x080004a6   0x000000b2   Code   RO         2618    .text               c_w.l(_printf_intcommon.o)
    0x08000558   0x00000030   Code   RO         2620    .text               c_w.l(_printf_char_common.o)
    0x08000588   0x0000002c   Code   RO         2624    .text               c_w.l(_printf_char.o)
    0x080005b4   0x00000024   Code   RO         2626    .text               c_w.l(_printf_char_file.o)
    0x080005d8   0x00000064   Code   RO         2629    .text               c_w.l(rt_memcpy_w.o)
    0x0800063c   0x00000044   Code   RO         2631    .text               c_w.l(rt_memclr.o)
    0x08000680   0x00000008   Code   RO         2650    .text               c_w.l(ferror.o)
    0x08000688   0x0000004e   Code   RO         2654    .text               c_w.l(rt_memclr_w.o)
    0x080006d6   0x0000004a   Code   RO         2656    .text               c_w.l(sys_stackheap_outer.o)
    0x08000720   0x00000012   Code   RO         2658    .text               c_w.l(exit.o)
    0x08000732   0x00000002   PAD
    0x08000734   0x00000008   Code   RO         2666    .text               c_w.l(libspace.o)
    0x0800073c   0x00000002   Code   RO          163    i.BusFault_Handler  stm32f10x_it.o
    0x0800073e   0x00000002   PAD
    0x08000740   0x00000034   Code   RO          263    i.Create_StratTask  mytask.o
    0x08000774   0x00000002   Code   RO          164    i.DebugMon_Handler  stm32f10x_it.o
    0x08000776   0x0000009c   Code   RO          884    i.GPIO_Init         stm32f10x_gpio.o
    0x08000812   0x00000004   Code   RO          891    i.GPIO_ResetBits    stm32f10x_gpio.o
    0x08000816   0x00000004   Code   RO          892    i.GPIO_SetBits      stm32f10x_gpio.o
    0x0800081a   0x00000002   Code   RO          165    i.HardFault_Handler  stm32f10x_it.o
    0x0800081c   0x0000002c   Code   RO          335    i.IIC_Start         drv_oled.o
    0x08000848   0x00000024   Code   RO          336    i.IIC_Stop          drv_oled.o
    0x0800086c   0x0000001c   Code   RO          337    i.IIC_Wait_Ack      drv_oled.o
    0x08000888   0x00000002   Code   RO          166    i.MemManage_Handler  stm32f10x_it.o
    0x0800088a   0x00000002   Code   RO          167    i.NMI_Handler       stm32f10x_it.o
    0x0800088c   0x00000038   Code   RO          507    i.NRF24L01_Clear_IRQ_Flag  drv_rf24l01.o
    0x080008c4   0x00000064   Code   RO          510    i.NRF24L01_GPIO_Init  drv_rf24l01.o
    0x08000928   0x0000003c   Code   RO          512    i.NRF24L01_Read_Buf  drv_rf24l01.o
    0x08000964   0x00000024   Code   RO          513    i.NRF24L01_Read_Reg  drv_rf24l01.o
    0x08000988   0x00000020   Code   RO          515    i.NRF24L01_Read_Status_Register  drv_rf24l01.o
    0x080009a8   0x00000014   Code   RO          520    i.NRF24L01_Set_RxAddr  drv_rf24l01.o
    0x080009bc   0x00000010   Code   RO          522    i.NRF24L01_Set_TxAddr  drv_rf24l01.o
    0x080009cc   0x0000003c   Code   RO          524    i.NRF24L01_Write_Buf  drv_rf24l01.o
    0x08000a08   0x0000002c   Code   RO          525    i.NRF24L01_Write_Reg  drv_rf24l01.o
    0x08000a34   0x0000007c   Code   RO          529    i.NRF24L01_check    drv_rf24l01.o
    0x08000ab0   0x00000002   Code   RO          264    i.NRF24L01_task     mytask.o
    0x08000ab2   0x00000002   PAD
    0x08000ab4   0x00000064   Code   RO          842    i.NVIC_Init         misc.o
    0x08000b18   0x00000014   Code   RO          843    i.NVIC_PriorityGroupConfig  misc.o
    0x08000b2c   0x0000003a   Code   RO          338    i.OLED_Clear        drv_oled.o
    0x08000b66   0x0000000c   Code   RO          348    i.OLED_WR_Byte      drv_oled.o
    0x08000b72   0x00000002   Code   RO          265    i.OLED_task         mytask.o
    0x08000b74   0x00000018   Code   RO         1018    i.RCC_APB1PeriphClockCmd  stm32f10x_rcc.o
    0x08000b8c   0x00000018   Code   RO         1019    i.RCC_APB1PeriphResetCmd  stm32f10x_rcc.o
    0x08000ba4   0x00000018   Code   RO         1020    i.RCC_APB2PeriphClockCmd  stm32f10x_rcc.o
    0x08000bbc   0x00000018   Code   RO         1021    i.RCC_APB2PeriphResetCmd  stm32f10x_rcc.o
    0x08000bd4   0x00000094   Code   RO         1028    i.RCC_GetClocksFreq  stm32f10x_rcc.o
    0x08000c68   0x00000090   Code   RO          530    i.RF24L01_Init      drv_rf24l01.o
    0x08000cf8   0x00000014   Code   RO         1401    i.SPI_Cmd           stm32f10x_spi.o
    0x08000d0c   0x00000054   Code   RO         1408    i.SPI_I2S_DeInit    stm32f10x_spi.o
    0x08000d60   0x0000000e   Code   RO         1409    i.SPI_I2S_GetFlagStatus  stm32f10x_spi.o
    0x08000d6e   0x00000038   Code   RO         1414    i.SPI_Init          stm32f10x_spi.o
    0x08000da6   0x00000002   PAD
    0x08000da8   0x000000a8   Code   RO          234    i.SetSysClockTo72   system_stm32f10x.o
    0x08000e50   0x00000018   Code   RO          846    i.SysTick_CLKSourceConfig  misc.o
    0x08000e68   0x00000014   Code   RO          698    i.SysTick_Handler   delay.o
    0x08000e7c   0x00000050   Code   RO          236    i.SystemInit        system_stm32f10x.o
    0x08000ecc   0x00000064   Code   RO          765    i.USART1_IRQHandler  usart.o
    0x08000f30   0x00000014   Code   RO         1220    i.USART_Cmd         stm32f10x_usart.o
    0x08000f44   0x0000000e   Code   RO         1223    i.USART_GetFlagStatus  stm32f10x_usart.o
    0x08000f52   0x0000003e   Code   RO         1224    i.USART_GetITStatus  stm32f10x_usart.o
    0x08000f90   0x00000030   Code   RO         1226    i.USART_ITConfig    stm32f10x_usart.o
    0x08000fc0   0x000000ac   Code   RO         1227    i.USART_Init        stm32f10x_usart.o
    0x0800106c   0x00000008   Code   RO         1234    i.USART_ReceiveData  stm32f10x_usart.o
    0x08001074   0x00000002   Code   RO          168    i.UsageFault_Handler  stm32f10x_it.o
    0x08001076   0x00000002   PAD
    0x08001078   0x0000004c   Code   RO          349    i.Write_IIC_Byte    drv_oled.o
    0x080010c4   0x0000002e   Code   RO          350    i.Write_IIC_Command  drv_oled.o
    0x080010f2   0x0000002e   Code   RO          351    i.Write_IIC_Data    drv_oled.o
    0x08001120   0x00000002   Code   RO          766    i._sys_exit         usart.o
    0x08001122   0x00000002   PAD
    0x08001124   0x00000048   Code   RO          699    i.delay_init        delay.o
    0x0800116c   0x00000038   Code   RO          700    i.delay_ms          delay.o
    0x080011a4   0x00000034   Code   RO          701    i.delay_us          delay.o
    0x080011d8   0x00000150   Code   RO          352    i.drv_OLED_Init     drv_oled.o
    0x08001328   0x00000048   Code   RO          489    i.drv_key_Init      drv_key.o
    0x08001370   0x00000050   Code   RO          476    i.drv_led_Init      drv_led.o
    0x080013c0   0x000000d4   Code   RO          674    i.drv_spi_init      drv_spi.o
    0x08001494   0x00000054   Code   RO          675    i.drv_spi_read_write_byte  drv_spi.o
    0x080014e8   0x00000030   Code   RO          768    i.drv_uart_tx_bytes  usart.o
    0x08001518   0x00000018   Code   RO          769    i.fputc             usart.o
    0x08001530   0x00000008   Code   RO          266    i.key_task          mytask.o
    0x08001538   0x0000001c   Code   RO          267    i.led_task          mytask.o
    0x08001554   0x0000001e   Code   RO            1    i.main              main.o
    0x08001572   0x00000002   PAD
    0x08001574   0x00000070   Code   RO         1939    i.prvAddCurrentTaskToDelayedList  tasks.o
    0x080015e4   0x000000d0   Code   RO         1940    i.prvAddNewTaskToReadyList  tasks.o
    0x080016b4   0x00000050   Code   RO         2290    i.prvCheckForValidListAndQueue  timers.o
    0x08001704   0x00000026   Code   RO         1706    i.prvCopyDataFromQueue  queue.o
    0x0800172a   0x0000006c   Code   RO         1707    i.prvCopyDataToQueue  queue.o
    0x08001796   0x00000014   Code   RO         1941    i.prvDeleteTCB      tasks.o
    0x080017aa   0x00000002   PAD
    0x080017ac   0x0000004c   Code   RO         2434    i.prvHeapInit       heap_4.o
    0x080017f8   0x0000005c   Code   RO         1942    i.prvIdleTask       tasks.o
    0x08001854   0x000000cc   Code   RO         1943    i.prvInitialiseNewTask  tasks.o
    0x08001920   0x0000004c   Code   RO         2435    i.prvInsertBlockIntoFreeList  heap_4.o
    0x0800196c   0x00000038   Code   RO         2291    i.prvInsertTimerInActiveList  timers.o
    0x080019a4   0x0000001a   Code   RO         1708    i.prvIsQueueEmpty   queue.o
    0x080019be   0x00000002   PAD
    0x080019c0   0x00000090   Code   RO         1709    i.prvNotifyQueueSetContainer  queue.o
    0x08001a50   0x0000006c   Code   RO         2292    i.prvProcessExpiredTimer  timers.o
    0x08001abc   0x00000128   Code   RO         2293    i.prvProcessReceivedCommands  timers.o
    0x08001be4   0x0000006c   Code   RO         2294    i.prvProcessTimerOrBlockTask  timers.o
    0x08001c50   0x00000020   Code   RO         1945    i.prvResetNextTaskUnblockTime  tasks.o
    0x08001c70   0x00000028   Code   RO         2295    i.prvSampleTimeNow  timers.o
    0x08001c98   0x00000070   Code   RO         2296    i.prvSwitchTimerLists  timers.o
    0x08001d08   0x00000064   Code   RO         2484    i.prvTaskExitError  port.o
    0x08001d6c   0x00000028   Code   RO         2297    i.prvTimerTask      timers.o
    0x08001d94   0x00000078   Code   RO         1710    i.prvUnlockQueue    queue.o
    0x08001e0c   0x00000114   Code   RO         2436    i.pvPortMalloc      heap_4.o
    0x08001f20   0x00000024   Code   RO         2485    i.pxPortInitialiseStack  port.o
    0x08001f44   0x000000d8   Code   RO          268    i.start_task        mytask.o
    0x0800201c   0x000000a8   Code   RO          770    i.uart_init         usart.o
    0x080020c4   0x00000026   Code   RO         1666    i.uxListRemove      list.o
    0x080020ea   0x00000016   Code   RO         1667    i.vListInitialise   list.o
    0x08002100   0x00000006   Code   RO         1668    i.vListInitialiseItem  list.o
    0x08002106   0x00000030   Code   RO         1669    i.vListInsert       list.o
    0x08002136   0x00000018   Code   RO         1670    i.vListInsertEnd    list.o
    0x0800214e   0x00000002   PAD
    0x08002150   0x00000078   Code   RO         2487    i.vPortEnterCritical  port.o
    0x080021c8   0x00000064   Code   RO         2488    i.vPortExitCritical  port.o
    0x0800222c   0x0000009c   Code   RO         2437    i.vPortFree         heap_4.o
    0x080022c8   0x00000024   Code   RO         2489    i.vPortSetupTimerInterrupt  port.o
    0x080022ec   0x0000008c   Code   RO         2490    i.vPortValidateInterruptPriority  port.o
    0x08002378   0x00000024   Code   RO         1716    i.vQueueAddToRegistry  queue.o
    0x0800239c   0x00000044   Code   RO         1720    i.vQueueWaitForMessageRestricted  queue.o
    0x080023e0   0x0000006c   Code   RO         1955    i.vTaskDelay        tasks.o
    0x0800244c   0x000000cc   Code   RO         1957    i.vTaskDelete       tasks.o
    0x08002518   0x00000010   Code   RO         1960    i.vTaskInternalSetTimeOutState  tasks.o
    0x08002528   0x0000000c   Code   RO         1962    i.vTaskMissedYield  tasks.o
    0x08002534   0x00000054   Code   RO         1964    i.vTaskPlaceOnEventList  tasks.o
    0x08002588   0x0000005c   Code   RO         1965    i.vTaskPlaceOnEventListRestricted  tasks.o
    0x080025e4   0x00000094   Code   RO         1973    i.vTaskStartScheduler  tasks.o
    0x08002678   0x00000010   Code   RO         1975    i.vTaskSuspendAll   tasks.o
    0x08002688   0x0000007c   Code   RO         1976    i.vTaskSwitchContext  tasks.o
    0x08002704   0x000000f4   Code   RO         2491    i.xPortStartScheduler  port.o
    0x080027f8   0x0000002c   Code   RO         2492    i.xPortSysTickHandler  port.o
    0x08002824   0x00000078   Code   RO         1725    i.xQueueGenericCreate  queue.o
    0x0800289c   0x000000a8   Code   RO         1726    i.xQueueGenericReset  queue.o
    0x08002944   0x0000018c   Code   RO         1727    i.xQueueGenericSend  queue.o
    0x08002ad0   0x000000e0   Code   RO         1728    i.xQueueGenericSendFromISR  queue.o
    0x08002bb0   0x00000150   Code   RO         1735    i.xQueueReceive     queue.o
    0x08002d00   0x00000090   Code   RO         1977    i.xTaskCheckForTimeOut  tasks.o
    0x08002d90   0x00000056   Code   RO         1978    i.xTaskCreate       tasks.o
    0x08002de6   0x00000002   PAD
    0x08002de8   0x0000001c   Code   RO         1982    i.xTaskGetSchedulerState  tasks.o
    0x08002e04   0x0000000c   Code   RO         1983    i.xTaskGetTickCount  tasks.o
    0x08002e10   0x000000e8   Code   RO         1985    i.xTaskIncrementTick  tasks.o
    0x08002ef8   0x000000b4   Code   RO         1988    i.xTaskPriorityDisinherit  tasks.o
    0x08002fac   0x00000098   Code   RO         1990    i.xTaskRemoveFromEventList  tasks.o
    0x08003044   0x000000e4   Code   RO         1991    i.xTaskResumeAll    tasks.o
    0x08003128   0x00000088   Code   RO         2303    i.xTimerCreate      timers.o
    0x080031b0   0x00000074   Code   RO         2304    i.xTimerCreateTimerTask  timers.o
    0x08003224   0x00000090   Code   RO         2305    i.xTimerGenericCommand  timers.o
    0x080032b4   0x00000039   Data   RO          534    .conststring        drv_rf24l01.o
    0x080032ed   0x00000003   PAD
    0x080032f0   0x00000020   Data   RO         2789    Region$$Table       anon$$obj.o


    Execution Region ER_RW (Base: 0x20000000, Size: 0x000000c4, Max: 0xffffffff, ABSOLUTE)

    Base Addr    Size         Type   Attr      Idx    E Section Name        Object

    0x20000000   0x00000014   Data   RW          237    .data               system_stm32f10x.o
    0x20000014   0x00000014   Data   RW          269    .data               mytask.o
    0x20000028   0x00000008   Data   RW          535    .data               drv_rf24l01.o
    0x20000030   0x00000004   Data   RW          703    .data               delay.o
    0x20000034   0x00000002   Data   RW          772    .data               usart.o
    0x20000036   0x00000002   PAD
    0x20000038   0x00000004   Data   RW          773    .data               usart.o
    0x2000003c   0x00000014   Data   RW         1048    .data               stm32f10x_rcc.o
    0x20000050   0x0000003c   Data   RW         1994    .data               tasks.o
    0x2000008c   0x00000014   Data   RW         2313    .data               timers.o
    0x200000a0   0x00000018   Data   RW         2442    .data               heap_4.o
    0x200000b8   0x0000000c   Data   RW         2493    .data               port.o


    Execution Region ER_ZI (Base: 0x200000c4, Size: 0x00005a74, Max: 0xffffffff, ABSOLUTE)

    Base Addr    Size         Type   Attr      Idx    E Section Name        Object

    0x200000c4   0x000000c8   Zero   RW          771    .bss                usart.o
    0x2000018c   0x00000040   Zero   RW         1742    .bss                queue.o
    0x200001cc   0x000002e4   Zero   RW         1993    .bss                tasks.o
    0x200004b0   0x00000028   Zero   RW         2312    .bss                timers.o
    0x200004d8   0x00005000   Zero   RW         2441    .bss                heap_4.o
    0x200054d8   0x00000060   Zero   RW         2667    .bss                c_w.l(libspace.o)
    0x20005538   0x00000200   Zero   RW          836    HEAP                startup_stm32f10x_hd.o
    0x20005738   0x00000400   Zero   RW          835    STACK               startup_stm32f10x_hd.o


==============================================================================

Image component sizes


      Code (inc. data)   RO Data    RW Data    ZI Data      Debug   Object Name

       200         20          0          4          0       2317   delay.o
        72         10          0          0          0        503   drv_key.o
        80         10          0          0          0        507   drv_led.o
       682         32          0          0          0       6908   drv_oled.o
       692         58         57          8          0       7475   drv_rf24l01.o
       296         20          0          0          0       1281   drv_spi.o
         0          0          0          0          0       8104   event_groups.o
       584        138          0         24      20480       3895   heap_4.o
       138          0          0          0          0       2918   list.o
        30          0          0          0          0     252899   main.o
       144         16          0          0          0       2025   misc.o
       308        100          0         20          0       3028   mytask.o
       970        372          0         12          0       9925   port.o
      1784        238          0          0         64      15082   queue.o
        64         26        304          0       1536        788   startup_stm32f10x_hd.o
       164          0          0          0          0       3028   stm32f10x_gpio.o
        12          0          0          0          0       2377   stm32f10x_it.o
       244         40          0         20          0       5584   stm32f10x_rcc.o
       174         12          0          0          0       3366   stm32f10x_spi.o
       324          6          0          0          0       5732   stm32f10x_usart.o
         0          0          0          0          0         32   sys.o
       248         24          0         20          0       1665   system_stm32f10x.o
      2534        608          0         60        740      27050   tasks.o
      1236        262          0         20         40      14282   timers.o
       342         34          0          6        200       4680   usart.o

    ----------------------------------------------------------------------
     11344       2026        396        196      23060     385451   Object Totals
         0          0         32          0          0          0   (incl. Generated)
        22          0          3          2          0          0   (incl. Padding)

    ----------------------------------------------------------------------

      Code (inc. data)   RO Data    RW Data    ZI Data      Debug   Library Member Name

         8          0          0          0          0         68   __main.o
       104          0          0          0          0         84   __printf.o
         0          0          0          0          0          0   __rtentry.o
        12          0          0          0          0          0   __rtentry2.o
         6          0          0          0          0          0   __rtentry4.o
        52          8          0          0          0          0   __scatter.o
        26          0          0          0          0          0   __scatter_copy.o
        28          0          0          0          0          0   __scatter_zi.o
        44          0          0          0          0        108   _printf_char.o
        48          6          0          0          0         96   _printf_char_common.o
        36          4          0          0          0         80   _printf_char_file.o
         6          0          0          0          0          0   _printf_d.o
       120         16          0          0          0         92   _printf_dec.o
       178          0          0          0          0         88   _printf_intcommon.o
         0          0          0          0          0          0   _printf_percent.o
         4          0          0          0          0          0   _printf_percent_end.o
         6          0          0          0          0          0   _printf_s.o
        82          0          0          0          0         80   _printf_str.o
        16          0          0          0          0         68   aeabi_memset.o
        18          0          0          0          0         80   exit.o
         8          0          0          0          0         68   ferror.o
         6          0          0          0          0        152   heapauxi.o
         2          0          0          0          0          0   libinit.o
         2          0          0          0          0          0   libinit2.o
         2          0          0          0          0          0   libshutdown.o
         2          0          0          0          0          0   libshutdown2.o
         8          4          0          0         96         68   libspace.o
        24          4          0          0          0         84   noretval__2printf.o
        68          0          0          0          0         68   rt_memclr.o
        78          0          0          0          0         80   rt_memclr_w.o
       138          0          0          0          0         68   rt_memcpy_v6.o
       100          0          0          0          0         80   rt_memcpy_w.o
         2          0          0          0          0          0   rtexit.o
        10          0          0          0          0          0   rtexit2.o
        74          0          0          0          0         80   sys_stackheap_outer.o
         2          0          0          0          0         68   use_no_semi.o
         2          0          0          0          0         68   use_no_semi_2.o

    ----------------------------------------------------------------------
      1332         42          0          0         96       1728   Library Totals
        10          0          0          0          0          0   (incl. Padding)

    ----------------------------------------------------------------------

      Code (inc. data)   RO Data    RW Data    ZI Data      Debug   Library Name

      1322         42          0          0         96       1728   c_w.l

    ----------------------------------------------------------------------
      1332         42          0          0         96       1728   Library Totals

    ----------------------------------------------------------------------

==============================================================================


      Code (inc. data)   RO Data    RW Data    ZI Data      Debug   

     12676       2068        396        196      23156     379635   Grand Totals
     12676       2068        396        196      23156     379635   ELF Image Totals
     12676       2068        396        196          0          0   ROM Totals

==============================================================================

    Total RO  Size (Code + RO Data)                13072 (  12.77kB)
    Total RW  Size (RW Data + ZI Data)             23352 (  22.80kB)
    Total ROM Size (Code + RO Data + RW Data)      13268 (  12.96kB)

==============================================================================

